Archive member included to satisfy reference by file (symbol)

c:/st/stm32cubeide_1.5.1/stm32cubeide/plugins/com.st.stm32cube.ide.mcu.externaltools.gnu-tools-for-stm32.9-2020-q2-update.win32_1.5.0.202011040924/tools/bin/../lib/gcc/arm-none-eabi/9.3.1/../../../../arm-none-eabi/lib/thumb/v7e-m+fp/hard\libc_nano.a(lib_a-errno.o)
                              Core/Src/syscalls.o (__errno)
c:/st/stm32cubeide_1.5.1/stm32cubeide/plugins/com.st.stm32cube.ide.mcu.externaltools.gnu-tools-for-stm32.9-2020-q2-update.win32_1.5.0.202011040924/tools/bin/../lib/gcc/arm-none-eabi/9.3.1/../../../../arm-none-eabi/lib/thumb/v7e-m+fp/hard\libc_nano.a(lib_a-exit.o)
                              c:/st/stm32cubeide_1.5.1/stm32cubeide/plugins/com.st.stm32cube.ide.mcu.externaltools.gnu-tools-for-stm32.9-2020-q2-update.win32_1.5.0.202011040924/tools/bin/../lib/gcc/arm-none-eabi/9.3.1/../../../../arm-none-eabi/lib/thumb/v7e-m+fp/hard/crt0.o (exit)
c:/st/stm32cubeide_1.5.1/stm32cubeide/plugins/com.st.stm32cube.ide.mcu.externaltools.gnu-tools-for-stm32.9-2020-q2-update.win32_1.5.0.202011040924/tools/bin/../lib/gcc/arm-none-eabi/9.3.1/../../../../arm-none-eabi/lib/thumb/v7e-m+fp/hard\libc_nano.a(lib_a-impure.o)
                              c:/st/stm32cubeide_1.5.1/stm32cubeide/plugins/com.st.stm32cube.ide.mcu.externaltools.gnu-tools-for-stm32.9-2020-q2-update.win32_1.5.0.202011040924/tools/bin/../lib/gcc/arm-none-eabi/9.3.1/../../../../arm-none-eabi/lib/thumb/v7e-m+fp/hard\libc_nano.a(lib_a-exit.o) (_global_impure_ptr)
c:/st/stm32cubeide_1.5.1/stm32cubeide/plugins/com.st.stm32cube.ide.mcu.externaltools.gnu-tools-for-stm32.9-2020-q2-update.win32_1.5.0.202011040924/tools/bin/../lib/gcc/arm-none-eabi/9.3.1/../../../../arm-none-eabi/lib/thumb/v7e-m+fp/hard\libc_nano.a(lib_a-init.o)
                              c:/st/stm32cubeide_1.5.1/stm32cubeide/plugins/com.st.stm32cube.ide.mcu.externaltools.gnu-tools-for-stm32.9-2020-q2-update.win32_1.5.0.202011040924/tools/bin/../lib/gcc/arm-none-eabi/9.3.1/../../../../arm-none-eabi/lib/thumb/v7e-m+fp/hard/crt0.o (__libc_init_array)
c:/st/stm32cubeide_1.5.1/stm32cubeide/plugins/com.st.stm32cube.ide.mcu.externaltools.gnu-tools-for-stm32.9-2020-q2-update.win32_1.5.0.202011040924/tools/bin/../lib/gcc/arm-none-eabi/9.3.1/../../../../arm-none-eabi/lib/thumb/v7e-m+fp/hard\libc_nano.a(lib_a-memset.o)
                              c:/st/stm32cubeide_1.5.1/stm32cubeide/plugins/com.st.stm32cube.ide.mcu.externaltools.gnu-tools-for-stm32.9-2020-q2-update.win32_1.5.0.202011040924/tools/bin/../lib/gcc/arm-none-eabi/9.3.1/../../../../arm-none-eabi/lib/thumb/v7e-m+fp/hard/crt0.o (memset)
c:/st/stm32cubeide_1.5.1/stm32cubeide/plugins/com.st.stm32cube.ide.mcu.externaltools.gnu-tools-for-stm32.9-2020-q2-update.win32_1.5.0.202011040924/tools/bin/../lib/gcc/arm-none-eabi/9.3.1/thumb/v7e-m+fp/hard\libgcc.a(_aeabi_uldivmod.o)
                              Drivers/STM32F4xx_HAL_Driver/Src/stm32f4xx_hal_rcc.o (__aeabi_uldivmod)
c:/st/stm32cubeide_1.5.1/stm32cubeide/plugins/com.st.stm32cube.ide.mcu.externaltools.gnu-tools-for-stm32.9-2020-q2-update.win32_1.5.0.202011040924/tools/bin/../lib/gcc/arm-none-eabi/9.3.1/thumb/v7e-m+fp/hard\libgcc.a(_udivmoddi4.o)
                              c:/st/stm32cubeide_1.5.1/stm32cubeide/plugins/com.st.stm32cube.ide.mcu.externaltools.gnu-tools-for-stm32.9-2020-q2-update.win32_1.5.0.202011040924/tools/bin/../lib/gcc/arm-none-eabi/9.3.1/thumb/v7e-m+fp/hard\libgcc.a(_aeabi_uldivmod.o) (__udivmoddi4)
c:/st/stm32cubeide_1.5.1/stm32cubeide/plugins/com.st.stm32cube.ide.mcu.externaltools.gnu-tools-for-stm32.9-2020-q2-update.win32_1.5.0.202011040924/tools/bin/../lib/gcc/arm-none-eabi/9.3.1/thumb/v7e-m+fp/hard\libgcc.a(_dvmd_tls.o)
                              c:/st/stm32cubeide_1.5.1/stm32cubeide/plugins/com.st.stm32cube.ide.mcu.externaltools.gnu-tools-for-stm32.9-2020-q2-update.win32_1.5.0.202011040924/tools/bin/../lib/gcc/arm-none-eabi/9.3.1/thumb/v7e-m+fp/hard\libgcc.a(_aeabi_uldivmod.o) (__aeabi_ldiv0)

Allocating common symbols
Common symbol       size              file

hdma_uart4_rx       0x60              Core/Src/usart.o
hdma_usart3_rx      0x60              Core/Src/usart.o
huart3              0x40              Core/Src/usart.o
hadc2               0x48              Core/Src/adc.o
timers_tick10kHz    0x1               Hydrogreen/timers.o
hiwdg               0xc               Core/Src/iwdg.o
hcrc                0x8               Core/Src/crc.o
timers_mainTimeMiliseconds
                    0x2               Hydrogreen/timers.o
uwTick              0x4               Drivers/STM32F4xx_HAL_Driver/Src/stm32f4xx_hal.o
RS485_TX_DATA_EF    0x4               Hydrogreen/rs485.o
pFlash              0x20              Drivers/STM32F4xx_HAL_Driver/Src/stm32f4xx_hal_flash.o
timers_tick1kHz     0x1               Hydrogreen/timers.o
timers_mainTimeHours
                    0x1               Hydrogreen/timers.o
hdma_usart1_rx      0x60              Core/Src/usart.o
timers_maxSysCyclePeriod
[...]
Memory Configuration

Name             Origin             Length             Attributes
RAM              0x0000000020000000 0x0000000000020000 xrw
FLASH            0x0000000008000000 0x0000000000080000 xr
*default*        0x0000000000000000 0xffffffffffffffff

Linker script and memory map

LOAD c:/st/stm32cubeide_1.5.1/stm32cubeide/plugins/com.st.stm32cube.ide.mcu.externaltools.gnu-tools-for-stm32.9-2020-q2-update.win32_1.5.0.202011040924/tools/bin/../lib/gcc/arm-none-eabi/9.3.1/thumb/v7e-m+fp/hard/crti.o
LOAD c:/st/stm32cubeide_1.5.1/stm32cubeide/plugins/com.st.stm32cube.ide.mcu.externaltools.gnu-tools-for-stm32.9-2020-q2-update.win32_1.5.0.202011040924/tools/bin/../lib/gcc/arm-none-eabi/9.3.1/thumb/v7e-m+fp/hard/crtbegin.o
LOAD c:/st/stm32cubeide_1.5.1/stm32cubeide/plugins/com.st.stm32cube.ide.mcu.externaltools.gnu-tools-for-stm32.9-2020-q2-update.win32_1.5.0.202011040924/tools/bin/../lib/gcc/arm-none-eabi/9.3.1/../../../../arm-none-eabi/lib/thumb/v7e-m+fp/hard/crt0.o
LOAD Core/Src/adc.o
LOAD Core/Src/crc.o
LOAD Core/Src/dma.o
LOAD Core/Src/gpio.o
LOAD Core/Src/iwdg.o
LOAD Core/Src/main.o
LOAD Core/Src/stm32f4xx_hal_msp.o
LOAD Core/Src/stm32f4xx_it.o
LOAD Core/Src/syscalls.o
LOAD Core/Src/sysmem.o
LOAD Core/Src/system_stm32f4xx.o
LOAD Core/Src/tim.o
LOAD Core/Src/usart.o
LOAD Core/Startup/startup_stm32f446retx.o
LOAD Drivers/STM32F4xx_HAL_Driver/Src/stm32f4xx_hal.o
LOAD Drivers/STM32F4xx_HAL_Driver/Src/stm32f4xx_hal_adc.o
LOAD Drivers/STM32F4xx_HAL_Driver/Src/stm32f4xx_hal_adc_ex.o
LOAD Drivers/STM32F4xx_HAL_Driver/Src/stm32f4xx_hal_cortex.o
LOAD Drivers/STM32F4xx_HAL_Driver/Src/stm32f4xx_hal_crc.o
LOAD Drivers/STM32F4xx_HAL_Driver/Src/stm32f4xx_hal_dma.o
LOAD Drivers/STM32F4xx_HAL_Driver/Src/stm32f4xx_hal_dma_ex.o
LOAD Drivers/STM32F4xx_HAL_Driver/Src/stm32f4xx_hal_exti.o
LOAD Drivers/STM32F4xx_HAL_Driver/Src/stm32f4xx_hal_flash.o
LOAD Drivers/STM32F4xx_HAL_Driver/Src/stm32f4xx_hal_flash_ex.o
LOAD Drivers/STM32F4xx_HAL_Driver/Src/stm32f4xx_hal_flash_ramfunc.o
LOAD Drivers/STM32F4xx_HAL_Driver/Src/stm32f4xx_hal_gpio.o
LOAD Drivers/STM32F4xx_HAL_Driver/Src/stm32f4xx_hal_iwdg.o
LOAD Drivers/STM32F4xx_HAL_Driver/Src/stm32f4xx_hal_pwr.o
LOAD Drivers/STM32F4xx_HAL_Driver/Src/stm32f4xx_hal_pwr_ex.o
LOAD Drivers/STM32F4xx_HAL_Driver/Src/stm32f4xx_hal_rcc.o
LOAD Drivers/STM32F4xx_HAL_Driver/Src/stm32f4xx_hal_rcc_ex.o
LOAD Drivers/STM32F4xx_HAL_Driver/Src/stm32f4xx_hal_tim.o
LOAD Drivers/STM32F4xx_HAL_Driver/Src/stm32f4xx_hal_tim_ex.o
LOAD Drivers/STM32F4xx_HAL_Driver/Src/stm32f4xx_hal_uart.o
LOAD Hydrogreen/hydrogreen.o
LOAD Hydrogreen/laptime.o
LOAD Hydrogreen/rs485.o
LOAD Hydrogreen/timers.o
LOAD Hydrogreen/watchdog.o
START GROUP
LOAD c:/st/stm32cubeide_1.5.1/stm32cubeide/plugins/com.st.stm32cube.ide.mcu.externaltools.gnu-tools-for-stm32.9-2020-q2-update.win32_1.5.0.202011040924/tools/bin/../lib/gcc/arm-none-eabi/9.3.1/../../../../arm-none-eabi/lib/thumb/v7e-m+fp/hard\libc_nano.a
LOAD c:/st/stm32cubeide_1.5.1/stm32cubeide/plugins/com.st.stm32cube.ide.mcu.externaltools.gnu-tools-for-stm32.9-2020-q2-update.win32_1.5.0.202011040924/tools/bin/../lib/gcc/arm-none-eabi/9.3.1/../../../../arm-none-eabi/lib/thumb/v7e-m+fp/hard\libm.a
END GROUP
START GROUP
LOAD c:/st/stm32cubeide_1.5.1/stm32cubeide/plugins/com.st.stm32cube.ide.mcu.externaltools.gnu-tools-for-stm32.9-2020-q2-update.win32_1.5.0.202011040924/tools/bin/../lib/gcc/arm-none-eabi/9.3.1/thumb/v7e-m+fp/hard\libgcc.a
LOAD c:/st/stm32cubeide_1.5.1/stm32cubeide/plugins/com.st.stm32cube.ide.mcu.externaltools.gnu-tools-for-stm32.9-2020-q2-update.win32_1.5.0.202011040924/tools/bin/../lib/gcc/arm-none-eabi/9.3.1/../../../../arm-none-eabi/lib/thumb/v7e-m+fp/hard\libc_nano.a
END GROUP
START GROUP
LOAD c:/st/stm32cubeide_1.5.1/stm32cubeide/plugins/com.st.stm32cube.ide.mcu.externaltools.gnu-tools-for-stm32.9-2020-q2-update.win32_1.5.0.202011040924/tools/bin/../lib/gcc/arm-none-eabi/9.3.1/thumb/v7e-m+fp/hard\libgcc.a
LOAD c:/st/stm32cubeide_1.5.1/stm32cubeide/plugins/com.st.stm32cube.ide.mcu.externaltools.gnu-tools-for-stm32.9-2020-q2-update.win32_1.5.0.202011040924/tools/bin/../lib/gcc/arm-none-eabi/9.3.1/../../../../arm-none-eabi/lib/thumb/v7e-m+fp/hard\libc_nano.a
LOAD c:/st/stm32cubeide_1.5.1/stm32cubeide/plugins/com.st.stm32cube.ide.mcu.externaltools.gnu-tools-for-stm32.9-2020-q2-update.win32_1.5.0.202011040924/tools/bin/../lib/gcc/arm-none-eabi/9.3.1/../../../../arm-none-eabi/lib/thumb/v7e-m+fp/hard\libnosys.a
END GROUP
START GROUP
LOAD c:/st/stm32cubeide_1.5.1/stm32cubeide/plugins/com.st.stm32cube.ide.mcu.externaltools.gnu-tools-for-stm32.9-2020-q2-update.win32_1.5.0.202011040924/tools/bin/../lib/gcc/arm-none-eabi/9.3.1/thumb/v7e-m+fp/hard\libgcc.a
LOAD c:/st/stm32cubeide_1.5.1/stm32cubeide/plugins/com.st.stm32cube.ide.mcu.externaltools.gnu-tools-for-stm32.9-2020-q2-update.win32_1.5.0.202011040924/tools/bin/../lib/gcc/arm-none-eabi/9.3.1/../../../../arm-none-eabi/lib/thumb/v7e-m+fp/hard\libc_nano.a
LOAD c:/st/stm32cubeide_1.5.1/stm32cubeide/plugins/com.st.stm32cube.ide.mcu.externaltools.gnu-tools-for-stm32.9-2020-q2-update.win32_1.5.0.202011040924/tools/bin/../lib/gcc/arm-none-eabi/9.3.1/../../../../arm-none-eabi/lib/thumb/v7e-m+fp/hard\libnosys.a
END GROUP
LOAD c:/st/stm32cubeide_1.5.1/stm32cubeide/plugins/com.st.stm32cube.ide.mcu.externaltools.gnu-tools-for-stm32.9-2020-q2-update.win32_1.5.0.202011040924/tools/bin/../lib/gcc/arm-none-eabi/9.3.1/thumb/v7e-m+fp/hard/crtend.o
LOAD c:/st/stm32cubeide_1.5.1/stm32cubeide/plugins/com.st.stm32cube.ide.mcu.externaltools.gnu-tools-for-stm32.9-2020-q2-update.win32_1.5.0.202011040924/tools/bin/../lib/gcc/arm-none-eabi/9.3.1/thumb/v7e-m+fp/hard/crtn.o
                0x0000000020020000                _estack = (ORIGIN (RAM) + LENGTH (RAM))
                0x0000000000000200                _Min_Heap_Size = 0x200
                0x0000000000000400                _Min_Stack_Size = 0x400

.isr_vector     0x0000000008000000      0x1c4
                0x0000000008000000                . = ALIGN (0x4)
 *(.isr_vector)
 .isr_vector    0x0000000008000000      0x1c4 Core/Startup/startup_stm32f446retx.o
                0x0000000008000000                g_pfnVectors
                0x00000000080001c4                . = ALIGN (0x4)

.text           0x00000000080001c4     0x5390
                0x00000000080001c4                . = ALIGN (0x4)
 *(.text)
 .text          0x00000000080001c4       0x40 c:/st/stm32cubeide_1.5.1/stm32cubeide/plugins/com.st.stm32cube.ide.mcu.externaltools.gnu-tools-for-stm32.9-2020-q2-update.win32_1.5.0.202011040924/tools/bin/../lib/gcc/arm-none-eabi/9.3.1/thumb/v7e-m+fp/hard/crtbegin.o
 .text          0x0000000008000204       0x30 c:/st/stm32cubeide_1.5.1/stm32cubeide/plugins/com.st.stm32cube.ide.mcu.externaltools.gnu-tools-for-stm32.9-2020-q2-update.win32_1.5.0.202011040924/tools/bin/../lib/gcc/arm-none-eabi/9.3.1/thumb/v7e-m+fp/hard\libgcc.a(_aeabi_uldivmod.o)
                0x0000000008000204                __aeabi_uldivmod
 .text          0x0000000008000234      0x2c4 c:/st/stm32cubeide_1.5.1/stm32cubeide/plugins/com.st.stm32cube.ide.mcu.externaltools.gnu-tools-for-stm32.9-2020-q2-update.win32_1.5.0.202011040924/tools/bin/../lib/gcc/arm-none-eabi/9.3.1/thumb/v7e-m+fp/hard\libgcc.a(_udivmoddi4.o)
                0x0000000008000234                __udivmoddi4
 .text          0x00000000080004f8        0x4 c:/st/stm32cubeide_1.5.1/stm32cubeide/plugins/com.st.stm32cube.ide.mcu.externaltools.gnu-tools-for-stm32.9-2020-q2-update.win32_1.5.0.202011040924/tools/bin/../lib/gcc/arm-none-eabi/9.3.1/thumb/v7e-m+fp/hard\libgcc.a(_dvmd_tls.o)
                0x00000000080004f8                __aeabi_idiv0
                0x00000000080004f8                __aeabi_ldiv0
 *(.text*)
 .text.MX_ADC2_Init
                0x00000000080004fc       0xa4 Core/Src/adc.o
                0x00000000080004fc                MX_ADC2_Init
 .text.HAL_ADC_MspInit
                0x00000000080005a0      0x138 Core/Src/adc.o
                0x00000000080005a0                HAL_ADC_MspInit
 .text.MX_CRC_Init
                0x00000000080006d8       0x28 Core/Src/crc.o
                0x00000000080006d8                MX_CRC_Init
 .text.HAL_CRC_MspInit
                0x0000000008000700       0x44 Core/Src/crc.o
                0x0000000008000700                HAL_CRC_MspInit
 .text.MX_DMA_Init
                0x0000000008000744       0x9c Core/Src/dma.o
                0x0000000008000744                MX_DMA_Init
 .text.MX_GPIO_Init
                0x00000000080007e0      0x1bc Core/Src/gpio.o
                0x00000000080007e0                MX_GPIO_Init
 .text.MX_IWDG_Init
                0x000000000800099c       0x34 Core/Src/iwdg.o
                0x000000000800099c                MX_IWDG_Init
 .text.main     0x00000000080009d0       0x3e Core/Src/main.o
                0x00000000080009d0                main
 *fill*         0x0000000008000a0e        0x2 
 .text.SystemClock_Config
                0x0000000008000a10       0xe8 Core/Src/main.o
                0x0000000008000a10                SystemClock_Config
 .text.Error_Handler
                0x0000000008000af8        0xc Core/Src/main.o
                0x0000000008000af8                Error_Handler
 .text.HAL_MspInit
                0x0000000008000b04       0x50 Core/Src/stm32f4xx_hal_msp.o
                0x0000000008000b04                HAL_MspInit
 .text.NMI_Handler
                0x0000000008000b54        0xe Core/Src/stm32f4xx_it.o
                0x0000000008000b54                NMI_Handler
 .text.HardFault_Handler
                0x0000000008000b62        0x6 Core/Src/stm32f4xx_it.o
                0x0000000008000b62                HardFault_Handler
 .text.MemManage_Handler
                0x0000000008000b68        0x6 Core/Src/stm32f4xx_it.o
                0x0000000008000b68                MemManage_Handler
 .text.BusFault_Handler
                0x0000000008000b6e        0x6 Core/Src/stm32f4xx_it.o
                0x0000000008000b6e                BusFault_Handler
 .text.UsageFault_Handler
                0x0000000008000b74        0x6 Core/Src/stm32f4xx_it.o
                0x0000000008000b74                UsageFault_Handler
 .text.SVC_Handler
                0x0000000008000b7a        0xe Core/Src/stm32f4xx_it.o
                0x0000000008000b7a                SVC_Handler
 .text.DebugMon_Handler
                0x0000000008000b88        0xe Core/Src/stm32f4xx_it.o
                0x0000000008000b88                DebugMon_Handler
 .text.PendSV_Handler
                0x0000000008000b96        0xe Core/Src/stm32f4xx_it.o
                0x0000000008000b96                PendSV_Handler
 .text.SysTick_Handler
                0x0000000008000ba4       0x10 Core/Src/stm32f4xx_it.o
                0x0000000008000ba4                SysTick_Handler
 .text.EXTI0_IRQHandler
                0x0000000008000bb4        0xe Core/Src/stm32f4xx_it.o
                0x0000000008000bb4                EXTI0_IRQHandler
 *fill*         0x0000000008000bc2        0x2 
 .text.DMA1_Stream1_IRQHandler
                0x0000000008000bc4       0x14 Core/Src/stm32f4xx_it.o
                0x0000000008000bc4                DMA1_Stream1_IRQHandler
 .text.DMA1_Stream2_IRQHandler
                0x0000000008000bd8       0x14 Core/Src/stm32f4xx_it.o
                0x0000000008000bd8                DMA1_Stream2_IRQHandler
 .text.DMA1_Stream4_IRQHandler
                0x0000000008000bec       0x14 Core/Src/stm32f4xx_it.o
                0x0000000008000bec                DMA1_Stream4_IRQHandler
 .text.ADC_IRQHandler
                0x0000000008000c00       0x14 Core/Src/stm32f4xx_it.o
                0x0000000008000c00                ADC_IRQHandler
 .text.TIM2_IRQHandler
                0x0000000008000c14       0x14 Core/Src/stm32f4xx_it.o
                0x0000000008000c14                TIM2_IRQHandler
 .text.USART1_IRQHandler
                0x0000000008000c28       0x14 Core/Src/stm32f4xx_it.o
                0x0000000008000c28                USART1_IRQHandler
 .text.USART3_IRQHandler
                0x0000000008000c3c       0x14 Core/Src/stm32f4xx_it.o
                0x0000000008000c3c                USART3_IRQHandler
 .text.UART4_IRQHandler
                0x0000000008000c50       0x14 Core/Src/stm32f4xx_it.o
                0x0000000008000c50                UART4_IRQHandler
 .text.TIM6_DAC_IRQHandler
                0x0000000008000c64       0x14 Core/Src/stm32f4xx_it.o
                0x0000000008000c64                TIM6_DAC_IRQHandler
 .text.TIM7_IRQHandler
                0x0000000008000c78       0x14 Core/Src/stm32f4xx_it.o
                0x0000000008000c78                TIM7_IRQHandler
 .text.DMA2_Stream2_IRQHandler
                0x0000000008000c8c       0x14 Core/Src/stm32f4xx_it.o
                0x0000000008000c8c                DMA2_Stream2_IRQHandler
 .text.DMA2_Stream5_IRQHandler
                0x0000000008000ca0       0x14 Core/Src/stm32f4xx_it.o
                0x0000000008000ca0                DMA2_Stream5_IRQHandler
 .text.SystemInit
                0x0000000008000cb4       0x2c Core/Src/system_stm32f4xx.o
                0x0000000008000cb4                SystemInit
 .text.MX_TIM2_Init
                0x0000000008000ce0       0x98 Core/Src/tim.o
                0x0000000008000ce0                MX_TIM2_Init
 .text.MX_TIM6_Init
                0x0000000008000d78       0x68 Core/Src/tim.o
                0x0000000008000d78                MX_TIM6_Init
 .text.MX_TIM7_Init
                0x0000000008000de0       0x6c Core/Src/tim.o
                0x0000000008000de0                MX_TIM7_Init
 .text.HAL_TIM_Base_MspInit
                0x0000000008000e4c       0xc4 Core/Src/tim.o
                0x0000000008000e4c                HAL_TIM_Base_MspInit
 .text.MX_UART4_Init
                0x0000000008000f10       0x54 Core/Src/usart.o
                0x0000000008000f10                MX_UART4_Init
 .text.MX_USART1_UART_Init
                0x0000000008000f64       0x54 Core/Src/usart.o
                0x0000000008000f64                MX_USART1_UART_Init
 .text.MX_USART3_UART_Init
                0x0000000008000fb8       0x54 Core/Src/usart.o
                0x0000000008000fb8                MX_USART3_UART_Init
 .text.HAL_UART_MspInit
                0x000000000800100c      0x32c Core/Src/usart.o
                0x000000000800100c                HAL_UART_MspInit
 .text.Reset_Handler
                0x0000000008001338       0x50 Core/Startup/startup_stm32f446retx.o
                0x0000000008001338                Reset_Handler
 .text.Default_Handler
                0x0000000008001388        0x2 Core/Startup/startup_stm32f446retx.o
                0x0000000008001388                RTC_Alarm_IRQHandler
                0x0000000008001388                EXTI2_IRQHandler
                0x0000000008001388                TIM8_CC_IRQHandler
                0x0000000008001388                FMPI2C1_EV_IRQHandler
                0x0000000008001388                SPI4_IRQHandler
                0x0000000008001388                TIM1_CC_IRQHandler
                0x0000000008001388                DMA1_Stream5_IRQHandler
                0x0000000008001388                PVD_IRQHandler
                0x0000000008001388                SDIO_IRQHandler
                0x0000000008001388                TAMP_STAMP_IRQHandler
                0x0000000008001388                CAN2_RX1_IRQHandler
                0x0000000008001388                EXTI3_IRQHandler
                0x0000000008001388                TIM8_TRG_COM_TIM14_IRQHandler
                0x0000000008001388                TIM1_UP_TIM10_IRQHandler
                0x0000000008001388                TIM8_UP_TIM13_IRQHandler
                0x0000000008001388                I2C3_ER_IRQHandler
                0x0000000008001388                I2C2_EV_IRQHandler
                0x0000000008001388                CAN1_RX0_IRQHandler
                0x0000000008001388                FPU_IRQHandler
                0x0000000008001388                OTG_HS_WKUP_IRQHandler
                0x0000000008001388                CAN2_SCE_IRQHandler
                0x0000000008001388                SPI1_IRQHandler
                0x0000000008001388                TIM1_BRK_TIM9_IRQHandler
                0x0000000008001388                DCMI_IRQHandler
                0x0000000008001388                CAN2_RX0_IRQHandler
                0x0000000008001388                DMA2_Stream3_IRQHandler
                0x0000000008001388                SAI2_IRQHandler
                0x0000000008001388                USART6_IRQHandler
                0x0000000008001388                CAN1_RX1_IRQHandler
                0x0000000008001388                UART5_IRQHandler
                0x0000000008001388                DMA2_Stream0_IRQHandler
                0x0000000008001388                TIM4_IRQHandler
                0x0000000008001388                QUADSPI_IRQHandler
                0x0000000008001388                I2C1_EV_IRQHandler
                0x0000000008001388                DMA1_Stream6_IRQHandler
                0x0000000008001388                TIM3_IRQHandler
                0x0000000008001388                RCC_IRQHandler
                0x0000000008001388                TIM8_BRK_TIM12_IRQHandler
                0x0000000008001388                Default_Handler
                0x0000000008001388                CEC_IRQHandler
                0x0000000008001388                EXTI15_10_IRQHandler
                0x0000000008001388                DMA1_Stream7_IRQHandler
                0x0000000008001388                CAN2_TX_IRQHandler
                0x0000000008001388                TIM5_IRQHandler
                0x0000000008001388                DMA2_Stream7_IRQHandler
                0x0000000008001388                I2C3_EV_IRQHandler
                0x0000000008001388                EXTI9_5_IRQHandler
                0x0000000008001388                RTC_WKUP_IRQHandler
                0x0000000008001388                SPDIF_RX_IRQHandler
                0x0000000008001388                SPI2_IRQHandler
                0x0000000008001388                OTG_HS_EP1_IN_IRQHandler
                0x0000000008001388                DMA1_Stream0_IRQHandler
                0x0000000008001388                CAN1_TX_IRQHandler
                0x0000000008001388                FMPI2C1_ER_IRQHandler
                0x0000000008001388                EXTI4_IRQHandler
                0x0000000008001388                OTG_HS_EP1_OUT_IRQHandler
                0x0000000008001388                WWDG_IRQHandler
                0x0000000008001388                OTG_FS_WKUP_IRQHandler
                0x0000000008001388                TIM1_TRG_COM_TIM11_IRQHandler
                0x0000000008001388                OTG_HS_IRQHandler
                0x0000000008001388                EXTI1_IRQHandler
                0x0000000008001388                USART2_IRQHandler
                0x0000000008001388                I2C2_ER_IRQHandler
                0x0000000008001388                DMA2_Stream1_IRQHandler
                0x0000000008001388                CAN1_SCE_IRQHandler
                0x0000000008001388                FLASH_IRQHandler
                0x0000000008001388                DMA2_Stream4_IRQHandler
                0x0000000008001388                OTG_FS_IRQHandler
                0x0000000008001388                SPI3_IRQHandler
                0x0000000008001388                I2C1_ER_IRQHandler
                0x0000000008001388                FMC_IRQHandler
                0x0000000008001388                DMA2_Stream6_IRQHandler
                0x0000000008001388                SAI1_IRQHandler
                0x0000000008001388                DMA1_Stream3_IRQHandler
 *fill*         0x000000000800138a        0x2 
 .text.HAL_Init
                0x000000000800138c       0x44 Drivers/STM32F4xx_HAL_Driver/Src/stm32f4xx_hal.o
                0x000000000800138c                HAL_Init
 .text.HAL_InitTick
                0x00000000080013d0       0x60 Drivers/STM32F4xx_HAL_Driver/Src/stm32f4xx_hal.o
                0x00000000080013d0                HAL_InitTick
 .text.HAL_IncTick
                0x0000000008001430       0x28 Drivers/STM32F4xx_HAL_Driver/Src/stm32f4xx_hal.o
                0x0000000008001430                HAL_IncTick
 .text.HAL_GetTick
                0x0000000008001458       0x18 Drivers/STM32F4xx_HAL_Driver/Src/stm32f4xx_hal.o
                0x0000000008001458                HAL_GetTick
 .text.HAL_ADC_Init
                0x0000000008001470       0x86 Drivers/STM32F4xx_HAL_Driver/Src/stm32f4xx_hal_adc.o
                0x0000000008001470                HAL_ADC_Init
 .text.HAL_ADC_IRQHandler
                0x00000000080014f6      0x282 Drivers/STM32F4xx_HAL_Driver/Src/stm32f4xx_hal_adc.o
                0x00000000080014f6                HAL_ADC_IRQHandler
 .text.HAL_ADC_ConvCpltCallback
                0x0000000008001778       0x14 Drivers/STM32F4xx_HAL_Driver/Src/stm32f4xx_hal_adc.o
                0x0000000008001778                HAL_ADC_ConvCpltCallback
 .text.HAL_ADC_LevelOutOfWindowCallback
                0x000000000800178c       0x14 Drivers/STM32F4xx_HAL_Driver/Src/stm32f4xx_hal_adc.o
                0x000000000800178c                HAL_ADC_LevelOutOfWindowCallback
 .text.HAL_ADC_ErrorCallback
                0x00000000080017a0       0x14 Drivers/STM32F4xx_HAL_Driver/Src/stm32f4xx_hal_adc.o
                0x00000000080017a0                HAL_ADC_ErrorCallback
 .text.HAL_ADC_ConfigChannel
                0x00000000080017b4      0x264 Drivers/STM32F4xx_HAL_Driver/Src/stm32f4xx_hal_adc.o
                0x00000000080017b4                HAL_ADC_ConfigChannel
 .text.ADC_Init
                0x0000000008001a18      0x1f8 Drivers/STM32F4xx_HAL_Driver/Src/stm32f4xx_hal_adc.o
 .text.HAL_ADCEx_InjectedConvCpltCallback
                0x0000000008001c10       0x14 Drivers/STM32F4xx_HAL_Driver/Src/stm32f4xx_hal_adc_ex.o
                0x0000000008001c10                HAL_ADCEx_InjectedConvCpltCallback
 .text.__NVIC_SetPriorityGrouping
                0x0000000008001c24       0x48 Drivers/STM32F4xx_HAL_Driver/Src/stm32f4xx_hal_cortex.o
 .text.__NVIC_GetPriorityGrouping
                0x0000000008001c6c       0x1c Drivers/STM32F4xx_HAL_Driver/Src/stm32f4xx_hal_cortex.o
 .text.__NVIC_EnableIRQ
                0x0000000008001c88       0x3c Drivers/STM32F4xx_HAL_Driver/Src/stm32f4xx_hal_cortex.o
 .text.__NVIC_SetPriority
                0x0000000008001cc4       0x54 Drivers/STM32F4xx_HAL_Driver/Src/stm32f4xx_hal_cortex.o
 .text.NVIC_EncodePriority
                0x0000000008001d18       0x66 Drivers/STM32F4xx_HAL_Driver/Src/stm32f4xx_hal_cortex.o
 *fill*         0x0000000008001d7e        0x2 
 .text.SysTick_Config
                0x0000000008001d80       0x44 Drivers/STM32F4xx_HAL_Driver/Src/stm32f4xx_hal_cortex.o
 .text.HAL_NVIC_SetPriorityGrouping
                0x0000000008001dc4       0x16 Drivers/STM32F4xx_HAL_Driver/Src/stm32f4xx_hal_cortex.o
                0x0000000008001dc4                HAL_NVIC_SetPriorityGrouping
 .text.HAL_NVIC_SetPriority
                0x0000000008001dda       0x38 Drivers/STM32F4xx_HAL_Driver/Src/stm32f4xx_hal_cortex.o
                0x0000000008001dda                HAL_NVIC_SetPriority
 .text.HAL_NVIC_EnableIRQ
                0x0000000008001e12       0x1c Drivers/STM32F4xx_HAL_Driver/Src/stm32f4xx_hal_cortex.o
                0x0000000008001e12                HAL_NVIC_EnableIRQ
 .text.HAL_SYSTICK_Config
                0x0000000008001e2e       0x18 Drivers/STM32F4xx_HAL_Driver/Src/stm32f4xx_hal_cortex.o
                0x0000000008001e2e                HAL_SYSTICK_Config
 .text.HAL_CRC_Init
                0x0000000008001e46       0x38 Drivers/STM32F4xx_HAL_Driver/Src/stm32f4xx_hal_crc.o
                0x0000000008001e46                HAL_CRC_Init
 .text.HAL_CRC_Calculate
                0x0000000008001e7e       0x66 Drivers/STM32F4xx_HAL_Driver/Src/stm32f4xx_hal_crc.o
                0x0000000008001e7e                HAL_CRC_Calculate
 .text.HAL_DMA_Init
                0x0000000008001ee4      0x15c Drivers/STM32F4xx_HAL_Driver/Src/stm32f4xx_hal_dma.o
                0x0000000008001ee4                HAL_DMA_Init
 .text.HAL_DMA_Start_IT
                0x0000000008002040       0xb0 Drivers/STM32F4xx_HAL_Driver/Src/stm32f4xx_hal_dma.o
                0x0000000008002040                HAL_DMA_Start_IT
 .text.HAL_DMA_Abort_IT
                0x00000000080020f0       0x44 Drivers/STM32F4xx_HAL_Driver/Src/stm32f4xx_hal_dma.o
                0x00000000080020f0                HAL_DMA_Abort_IT
 .text.HAL_DMA_IRQHandler
                0x0000000008002134      0x314 Drivers/STM32F4xx_HAL_Driver/Src/stm32f4xx_hal_dma.o
                0x0000000008002134                HAL_DMA_IRQHandler
 .text.DMA_SetConfig
                0x0000000008002448       0x5c Drivers/STM32F4xx_HAL_Driver/Src/stm32f4xx_hal_dma.o
 .text.DMA_CalcBaseAndBitshift
                0x00000000080024a4       0x6c Drivers/STM32F4xx_HAL_Driver/Src/stm32f4xx_hal_dma.o
 .text.DMA_CheckFifoParam
                0x0000000008002510       0xf8 Drivers/STM32F4xx_HAL_Driver/Src/stm32f4xx_hal_dma.o
 .text.HAL_GPIO_Init
                0x0000000008002608      0x328 Drivers/STM32F4xx_HAL_Driver/Src/stm32f4xx_hal_gpio.o
                0x0000000008002608                HAL_GPIO_Init
 .text.HAL_GPIO_WritePin
                0x0000000008002930       0x32 Drivers/STM32F4xx_HAL_Driver/Src/stm32f4xx_hal_gpio.o
                0x0000000008002930                HAL_GPIO_WritePin
 *fill*         0x0000000008002962        0x2 
 .text.HAL_GPIO_EXTI_IRQHandler
                0x0000000008002964       0x30 Drivers/STM32F4xx_HAL_Driver/Src/stm32f4xx_hal_gpio.o
                0x0000000008002964                HAL_GPIO_EXTI_IRQHandler
 .text.HAL_GPIO_EXTI_Callback
                0x0000000008002994       0x16 Drivers/STM32F4xx_HAL_Driver/Src/stm32f4xx_hal_gpio.o
                0x0000000008002994                HAL_GPIO_EXTI_Callback
 .text.HAL_IWDG_Init
                0x00000000080029aa       0x72 Drivers/STM32F4xx_HAL_Driver/Src/stm32f4xx_hal_iwdg.o
                0x00000000080029aa                HAL_IWDG_Init
 .text.HAL_IWDG_Refresh
                0x0000000008002a1c       0x20 Drivers/STM32F4xx_HAL_Driver/Src/stm32f4xx_hal_iwdg.o
                0x0000000008002a1c                HAL_IWDG_Refresh
 .text.HAL_PWREx_EnableOverDrive
                0x0000000008002a3c       0xa0 Drivers/STM32F4xx_HAL_Driver/Src/stm32f4xx_hal_pwr_ex.o
                0x0000000008002a3c                HAL_PWREx_EnableOverDrive
 .text.HAL_RCC_ClockConfig
                0x0000000008002adc      0x1cc Drivers/STM32F4xx_HAL_Driver/Src/stm32f4xx_hal_rcc.o
                0x0000000008002adc                HAL_RCC_ClockConfig
 .text.HAL_RCC_GetHCLKFreq
                0x0000000008002ca8       0x18 Drivers/STM32F4xx_HAL_Driver/Src/stm32f4xx_hal_rcc.o
                0x0000000008002ca8                HAL_RCC_GetHCLKFreq
 .text.HAL_RCC_GetPCLK1Freq
                0x0000000008002cc0       0x28 Drivers/STM32F4xx_HAL_Driver/Src/stm32f4xx_hal_rcc.o
                0x0000000008002cc0                HAL_RCC_GetPCLK1Freq
 .text.HAL_RCC_GetPCLK2Freq
                0x0000000008002ce8       0x28 Drivers/STM32F4xx_HAL_Driver/Src/stm32f4xx_hal_rcc.o
                0x0000000008002ce8                HAL_RCC_GetPCLK2Freq
 .text.HAL_RCC_GetSysClockFreq
                0x0000000008002d10      0x364 Drivers/STM32F4xx_HAL_Driver/Src/stm32f4xx_hal_rcc_ex.o
                0x0000000008002d10                HAL_RCC_GetSysClockFreq
 .text.HAL_RCC_OscConfig
                0x0000000008003074      0x4b4 Drivers/STM32F4xx_HAL_Driver/Src/stm32f4xx_hal_rcc_ex.o
                0x0000000008003074                HAL_RCC_OscConfig
 .text.HAL_TIM_Base_Init
                0x0000000008003528       0x56 Drivers/STM32F4xx_HAL_Driver/Src/stm32f4xx_hal_tim.o
                0x0000000008003528                HAL_TIM_Base_Init
 .text.HAL_TIM_Base_Start_IT
                0x000000000800357e       0x48 Drivers/STM32F4xx_HAL_Driver/Src/stm32f4xx_hal_tim.o
                0x000000000800357e                HAL_TIM_Base_Start_IT
 .text.HAL_TIM_IRQHandler
                0x00000000080035c6      0x210 Drivers/STM32F4xx_HAL_Driver/Src/stm32f4xx_hal_tim.o
                0x00000000080035c6                HAL_TIM_IRQHandler
 .text.HAL_TIM_ConfigClockSource
                0x00000000080037d6      0x188 Drivers/STM32F4xx_HAL_Driver/Src/stm32f4xx_hal_tim.o
                0x00000000080037d6                HAL_TIM_ConfigClockSource
 .text.HAL_TIM_OC_DelayElapsedCallback
                0x000000000800395e       0x14 Drivers/STM32F4xx_HAL_Driver/Src/stm32f4xx_hal_tim.o
                0x000000000800395e                HAL_TIM_OC_DelayElapsedCallback
 .text.HAL_TIM_IC_CaptureCallback
                0x0000000008003972       0x14 Drivers/STM32F4xx_HAL_Driver/Src/stm32f4xx_hal_tim.o
                0x0000000008003972                HAL_TIM_IC_CaptureCallback
 .text.HAL_TIM_PWM_PulseFinishedCallback
                0x0000000008003986       0x14 Drivers/STM32F4xx_HAL_Driver/Src/stm32f4xx_hal_tim.o
                0x0000000008003986                HAL_TIM_PWM_PulseFinishedCallback
 .text.HAL_TIM_TriggerCallback
                0x000000000800399a       0x14 Drivers/STM32F4xx_HAL_Driver/Src/stm32f4xx_hal_tim.o
                0x000000000800399a                HAL_TIM_TriggerCallback
 *fill*         0x00000000080039ae        0x2 
 .text.TIM_Base_SetConfig
                0x00000000080039b0      0x140 Drivers/STM32F4xx_HAL_Driver/Src/stm32f4xx_hal_tim.o
                0x00000000080039b0                TIM_Base_SetConfig
 .text.TIM_TI1_ConfigInputStage
                0x0000000008003af0       0x5e Drivers/STM32F4xx_HAL_Driver/Src/stm32f4xx_hal_tim.o
 .text.TIM_TI2_ConfigInputStage
                0x0000000008003b4e       0x60 Drivers/STM32F4xx_HAL_Driver/Src/stm32f4xx_hal_tim.o
 .text.TIM_ITRx_SetConfig
                0x0000000008003bae       0x36 Drivers/STM32F4xx_HAL_Driver/Src/stm32f4xx_hal_tim.o
 .text.TIM_ETR_SetConfig
                0x0000000008003be4       0x40 Drivers/STM32F4xx_HAL_Driver/Src/stm32f4xx_hal_tim.o
                0x0000000008003be4                TIM_ETR_SetConfig
 .text.HAL_TIMEx_MasterConfigSynchronization
                0x0000000008003c24       0xf8 Drivers/STM32F4xx_HAL_Driver/Src/stm32f4xx_hal_tim_ex.o
                0x0000000008003c24                HAL_TIMEx_MasterConfigSynchronization
 .text.HAL_TIMEx_CommutCallback
                0x0000000008003d1c       0x14 Drivers/STM32F4xx_HAL_Driver/Src/stm32f4xx_hal_tim_ex.o
                0x0000000008003d1c                HAL_TIMEx_CommutCallback
 .text.HAL_TIMEx_BreakCallback
                0x0000000008003d30       0x14 Drivers/STM32F4xx_HAL_Driver/Src/stm32f4xx_hal_tim_ex.o
                0x0000000008003d30                HAL_TIMEx_BreakCallback
 .text.HAL_UART_Init
                0x0000000008003d44       0x9a Drivers/STM32F4xx_HAL_Driver/Src/stm32f4xx_hal_uart.o
                0x0000000008003d44                HAL_UART_Init
 .text.HAL_UART_Transmit
                0x0000000008003dde      0x132 Drivers/STM32F4xx_HAL_Driver/Src/stm32f4xx_hal_uart.o
                0x0000000008003dde                HAL_UART_Transmit
 .text.HAL_UART_Receive_DMA
                0x0000000008003f10      0x100 Drivers/STM32F4xx_HAL_Driver/Src/stm32f4xx_hal_uart.o
                0x0000000008003f10                HAL_UART_Receive_DMA
 .text.HAL_UART_IRQHandler
                0x0000000008004010      0x200 Drivers/STM32F4xx_HAL_Driver/Src/stm32f4xx_hal_uart.o
                0x0000000008004010                HAL_UART_IRQHandler
 .text.HAL_UART_TxCpltCallback
                0x0000000008004210       0x14 Drivers/STM32F4xx_HAL_Driver/Src/stm32f4xx_hal_uart.o
                0x0000000008004210                HAL_UART_TxCpltCallback
 .text.HAL_UART_RxHalfCpltCallback
                0x0000000008004224       0x14 Drivers/STM32F4xx_HAL_Driver/Src/stm32f4xx_hal_uart.o
                0x0000000008004224                HAL_UART_RxHalfCpltCallback
 .text.HAL_UART_ErrorCallback
                0x0000000008004238       0x14 Drivers/STM32F4xx_HAL_Driver/Src/stm32f4xx_hal_uart.o
                0x0000000008004238                HAL_UART_ErrorCallback
 .text.UART_DMAReceiveCplt
                0x000000000800424c       0x68 Drivers/STM32F4xx_HAL_Driver/Src/stm32f4xx_hal_uart.o
 .text.UART_DMARxHalfCplt
                0x00000000080042b4       0x1c Drivers/STM32F4xx_HAL_Driver/Src/stm32f4xx_hal_uart.o
 .text.UART_DMAError
                0x00000000080042d0       0x94 Drivers/STM32F4xx_HAL_Driver/Src/stm32f4xx_hal_uart.o
 .text.UART_WaitOnFlagUntilTimeout
                0x0000000008004364       0x94 Drivers/STM32F4xx_HAL_Driver/Src/stm32f4xx_hal_uart.o
 .text.UART_EndTxTransfer
                0x00000000080043f8       0x2c Drivers/STM32F4xx_HAL_Driver/Src/stm32f4xx_hal_uart.o
 .text.UART_EndRxTransfer
                0x0000000008004424       0x3c Drivers/STM32F4xx_HAL_Driver/Src/stm32f4xx_hal_uart.o
 .text.UART_DMAAbortOnError
                0x0000000008004460       0x28 Drivers/STM32F4xx_HAL_Driver/Src/stm32f4xx_hal_uart.o
 .text.UART_Transmit_IT
                0x0000000008004488       0xac Drivers/STM32F4xx_HAL_Driver/Src/stm32f4xx_hal_uart.o
 .text.UART_EndTransmit_IT
                0x0000000008004534       0x30 Drivers/STM32F4xx_HAL_Driver/Src/stm32f4xx_hal_uart.o
 .text.UART_Receive_IT
                0x0000000008004564      0x102 Drivers/STM32F4xx_HAL_Driver/Src/stm32f4xx_hal_uart.o
 *fill*         0x0000000008004666        0x2 
 .text.UART_SetConfig
                0x0000000008004668      0x738 Drivers/STM32F4xx_HAL_Driver/Src/stm32f4xx_hal_uart.o
 .text.hydrogreen_init
                0x0000000008004da0       0x14 Hydrogreen/hydrogreen.o
 .text.hydrogreen_step1kHz
                0x0000000008004db4        0xc Hydrogreen/hydrogreen.o
 .text.hydrogreen_step10kHz
                0x0000000008004dc0        0xc Hydrogreen/hydrogreen.o
 .text.hydrogreen_main
                0x0000000008004dcc       0x44 Hydrogreen/hydrogreen.o
                0x0000000008004dcc                hydrogreen_main
 .text.hydrogreen_hardFault
                0x0000000008004e10       0x18 Hydrogreen/hydrogreen.o
                0x0000000008004e10                hydrogreen_hardFault
 .text.rs485_init_EF
                0x0000000008004e28       0x20 Hydrogreen/rs485.o
                0x0000000008004e28                rs485_init_EF
 .text.rs485_step_EF
                0x0000000008004e48       0x10 Hydrogreen/rs485.o
                0x0000000008004e48                rs485_step_EF
 .text.sendData_EF
                0x0000000008004e58       0x7c Hydrogreen/rs485.o
 .text.HAL_UART_RxCpltCallback
                0x0000000008004ed4       0xb8 Hydrogreen/rs485.o
                0x0000000008004ed4                HAL_UART_RxCpltCallback
 .text.receiveData_EF
                0x0000000008004f8c       0xd4 Hydrogreen/rs485.o
 .text.prepareNewDataToSend_EF
                0x0000000008005060       0x5c Hydrogreen/rs485.o
 .text.processReceivedData_EF
                0x00000000080050bc      0x110 Hydrogreen/rs485.o
 .text.resetActData_EF
                0x00000000080051cc       0xa8 Hydrogreen/rs485.o
 .text.timers_init
                0x0000000008005274       0x1c Hydrogreen/timers.o
                0x0000000008005274                timers_init
 .text.timers_step
                0x0000000008005290       0x18 Hydrogreen/timers.o
 .text.setSystemOperatingTime
                0x00000000080052a8       0x88 Hydrogreen/timers.o
 .text.timers_beforeStep1kHz
                0x0000000008005330       0x18 Hydrogreen/timers.o
                0x0000000008005330                timers_beforeStep1kHz
 .text.timers_afterStep1kHz
                0x0000000008005348       0xd0 Hydrogreen/timers.o
                0x0000000008005348                timers_afterStep1kHz
 .text.HAL_SYSTICK_Callback
                0x0000000008005418        0xc Hydrogreen/timers.o
                0x0000000008005418                HAL_SYSTICK_Callback
 .text.HAL_TIM_PeriodElapsedCallback
                0x0000000008005424       0x48 Hydrogreen/timers.o
                0x0000000008005424                HAL_TIM_PeriodElapsedCallback
 .text.watchdog_init
                0x000000000800546c       0x64 Hydrogreen/watchdog.o
                0x000000000800546c                watchdog_init
 .text.watchdog_step
                0x00000000080054d0       0x14 Hydrogreen/watchdog.o
                0x00000000080054d0                watchdog_step
 .text.__libc_init_array
                0x00000000080054e4       0x48 c:/st/stm32cubeide_1.5.1/stm32cubeide/plugins/com.st.stm32cube.ide.mcu.externaltools.gnu-tools-for-stm32.9-2020-q2-update.win32_1.5.0.202011040924/tools/bin/../lib/gcc/arm-none-eabi/9.3.1/../../../../arm-none-eabi/lib/thumb/v7e-m+fp/hard\libc_nano.a(lib_a-init.o)
                0x00000000080054e4                __libc_init_array
 .text.memset   0x000000000800552c       0x10 c:/st/stm32cubeide_1.5.1/stm32cubeide/plugins/com.st.stm32cube.ide.mcu.externaltools.gnu-tools-for-stm32.9-2020-q2-update.win32_1.5.0.202011040924/tools/bin/../lib/gcc/arm-none-eabi/9.3.1/../../../../arm-none-eabi/lib/thumb/v7e-m+fp/hard\libc_nano.a(lib_a-memset.o)
                0x000000000800552c                memset
 *(.glue_7)
 .glue_7        0x000000000800553c        0x0 linker stubs
 *(.glue_7t)
 .glue_7t       0x000000000800553c        0x0 linker stubs
 *(.eh_frame)
 .eh_frame      0x000000000800553c        0x0 c:/st/stm32cubeide_1.5.1/stm32cubeide/plugins/com.st.stm32cube.ide.mcu.externaltools.gnu-tools-for-stm32.9-2020-q2-update.win32_1.5.0.202011040924/tools/bin/../lib/gcc/arm-none-eabi/9.3.1/thumb/v7e-m+fp/hard/crtbegin.o
 *(.init)
 .init          0x000000000800553c        0x4 c:/st/stm32cubeide_1.5.1/stm32cubeide/plugins/com.st.stm32cube.ide.mcu.externaltools.gnu-tools-for-stm32.9-2020-q2-update.win32_1.5.0.202011040924/tools/bin/../lib/gcc/arm-none-eabi/9.3.1/thumb/v7e-m+fp/hard/crti.o
                0x000000000800553c                _init
 .init          0x0000000008005540        0x8 c:/st/stm32cubeide_1.5.1/stm32cubeide/plugins/com.st.stm32cube.ide.mcu.externaltools.gnu-tools-for-stm32.9-2020-q2-update.win32_1.5.0.202011040924/tools/bin/../lib/gcc/arm-none-eabi/9.3.1/thumb/v7e-m+fp/hard/crtn.o
 *(.fini)
 .fini          0x0000000008005548        0x4 c:/st/stm32cubeide_1.5.1/stm32cubeide/plugins/com.st.stm32cube.ide.mcu.externaltools.gnu-tools-for-stm32.9-2020-q2-update.win32_1.5.0.202011040924/tools/bin/../lib/gcc/arm-none-eabi/9.3.1/thumb/v7e-m+fp/hard/crti.o
                0x0000000008005548                _fini
 .fini          0x000000000800554c        0x8 c:/st/stm32cubeide_1.5.1/stm32cubeide/plugins/com.st.stm32cube.ide.mcu.externaltools.gnu-tools-for-stm32.9-2020-q2-update.win32_1.5.0.202011040924/tools/bin/../lib/gcc/arm-none-eabi/9.3.1/thumb/v7e-m+fp/hard/crtn.o
                0x0000000008005554                . = ALIGN (0x4)
                0x0000000008005554                _etext = .

.vfp11_veneer   0x0000000008005554        0x0
 .vfp11_veneer  0x0000000008005554        0x0 linker stubs

.v4_bx          0x0000000008005554        0x0
 .v4_bx         0x0000000008005554        0x0 linker stubs

.iplt           0x0000000008005554        0x0
 .iplt          0x0000000008005554        0x0 c:/st/stm32cubeide_1.5.1/stm32cubeide/plugins/com.st.stm32cube.ide.mcu.externaltools.gnu-tools-for-stm32.9-2020-q2-update.win32_1.5.0.202011040924/tools/bin/../lib/gcc/arm-none-eabi/9.3.1/thumb/v7e-m+fp/hard/crtbegin.o

.rodata         0x0000000008005554       0x20
                0x0000000008005554                . = ALIGN (0x4)
 *(.rodata)
 *(.rodata*)
 .rodata.AHBPrescTable
                0x0000000008005554       0x10 Core/Src/system_stm32f4xx.o
                0x0000000008005554                AHBPrescTable
 .rodata.APBPrescTable
                0x0000000008005564        0x8 Core/Src/system_stm32f4xx.o
                0x0000000008005564                APBPrescTable
 .rodata.flagBitshiftOffset.8479
                0x000000000800556c        0x8 Drivers/STM32F4xx_HAL_Driver/Src/stm32f4xx_hal_dma.o
                0x0000000008005574                . = ALIGN (0x4)

.ARM.extab      0x0000000008005574        0x0
                0x0000000008005574                . = ALIGN (0x4)
 *(.ARM.extab* .gnu.linkonce.armextab.*)
                0x0000000008005574                . = ALIGN (0x4)

.ARM            0x0000000008005574        0x8
                0x0000000008005574                . = ALIGN (0x4)
                0x0000000008005574                __exidx_start = .
 *(.ARM.exidx*)
 .ARM.exidx     0x0000000008005574        0x8 c:/st/stm32cubeide_1.5.1/stm32cubeide/plugins/com.st.stm32cube.ide.mcu.externaltools.gnu-tools-for-stm32.9-2020-q2-update.win32_1.5.0.202011040924/tools/bin/../lib/gcc/arm-none-eabi/9.3.1/thumb/v7e-m+fp/hard\libgcc.a(_udivmoddi4.o)
                0x000000000800557c                __exidx_end = .
                0x000000000800557c                . = ALIGN (0x4)

.rel.dyn        0x000000000800557c        0x0
 .rel.iplt      0x000000000800557c        0x0 c:/st/stm32cubeide_1.5.1/stm32cubeide/plugins/com.st.stm32cube.ide.mcu.externaltools.gnu-tools-for-stm32.9-2020-q2-update.win32_1.5.0.202011040924/tools/bin/../lib/gcc/arm-none-eabi/9.3.1/thumb/v7e-m+fp/hard/crtbegin.o

.preinit_array  0x000000000800557c        0x0
                0x000000000800557c                . = ALIGN (0x4)
                0x000000000800557c                PROVIDE (__preinit_array_start = .)
 *(.preinit_array*)
                0x000000000800557c                PROVIDE (__preinit_array_end = .)
                0x000000000800557c                . = ALIGN (0x4)

.init_array     0x000000000800557c        0x4
                0x000000000800557c                . = ALIGN (0x4)
                0x000000000800557c                PROVIDE (__init_array_start = .)
 *(SORT_BY_NAME(.init_array.*))
 *(.init_array*)
 .init_array    0x000000000800557c        0x4 c:/st/stm32cubeide_1.5.1/stm32cubeide/plugins/com.st.stm32cube.ide.mcu.externaltools.gnu-tools-for-stm32.9-2020-q2-update.win32_1.5.0.202011040924/tools/bin/../lib/gcc/arm-none-eabi/9.3.1/thumb/v7e-m+fp/hard/crtbegin.o
                0x0000000008005580                PROVIDE (__init_array_end = .)
                0x0000000008005580                . = ALIGN (0x4)

.fini_array     0x0000000008005580        0x4
                0x0000000008005580                . = ALIGN (0x4)
                [!provide]                        PROVIDE (__fini_array_start = .)
 *(SORT_BY_NAME(.fini_array.*))
 *(.fini_array*)
 .fini_array    0x0000000008005580        0x4 c:/st/stm32cubeide_1.5.1/stm32cubeide/plugins/com.st.stm32cube.ide.mcu.externaltools.gnu-tools-for-stm32.9-2020-q2-update.win32_1.5.0.202011040924/tools/bin/../lib/gcc/arm-none-eabi/9.3.1/thumb/v7e-m+fp/hard/crtbegin.o
                [!provide]                        PROVIDE (__fini_array_end = .)
                0x0000000008005584                . = ALIGN (0x4)
                0x0000000008005584                _sidata = LOADADDR (.data)

.data           0x0000000020000000        0xc load address 0x0000000008005584
                0x0000000020000000                . = ALIGN (0x4)
                0x0000000020000000                _sdata = .
 *(.data)
 *(.data*)
 .data.SystemCoreClock
                0x0000000020000000        0x4 Core/Src/system_stm32f4xx.o
                0x0000000020000000                SystemCoreClock
 .data.uwTickPrio
                0x0000000020000004        0x4 Drivers/STM32F4xx_HAL_Driver/Src/stm32f4xx_hal.o
                0x0000000020000004                uwTickPrio
 .data.uwTickFreq
                0x0000000020000008        0x1 Drivers/STM32F4xx_HAL_Driver/Src/stm32f4xx_hal.o
                0x0000000020000008                uwTickFreq
 .data.rs485_flt_EF
                0x0000000020000009        0x1 Hydrogreen/rs485.o
                0x0000000020000009                rs485_flt_EF
                0x000000002000000c                . = ALIGN (0x4)
 *fill*         0x000000002000000a        0x2 
                0x000000002000000c                _edata = .

.igot.plt       0x000000002000000c        0x0 load address 0x0000000008005590
 .igot.plt      0x000000002000000c        0x0 c:/st/stm32cubeide_1.5.1/stm32cubeide/plugins/com.st.stm32cube.ide.mcu.externaltools.gnu-tools-for-stm32.9-2020-q2-update.win32_1.5.0.202011040924/tools/bin/../lib/gcc/arm-none-eabi/9.3.1/thumb/v7e-m+fp/hard/crtbegin.o
                0x000000002000000c                . = ALIGN (0x4)

.bss            0x000000002000000c      0x49c load address 0x0000000008005590
                0x000000002000000c                _sbss = .
                0x000000002000000c                __bss_start__ = _sbss
 *(.bss)
 .bss           0x000000002000000c       0x1c c:/st/stm32cubeide_1.5.1/stm32cubeide/plugins/com.st.stm32cube.ide.mcu.externaltools.gnu-tools-for-stm32.9-2020-q2-update.win32_1.5.0.202011040924/tools/bin/../lib/gcc/arm-none-eabi/9.3.1/thumb/v7e-m+fp/hard/crtbegin.o
 *(.bss*)
 .bss.dataFromRx_SW
                0x0000000020000028        0xb Hydrogreen/rs485.o
 *fill*         0x0000000020000033        0x1 
 .bss.posInRxTab_SW
                0x0000000020000034        0x2 Hydrogreen/rs485.o
 .bss.intRxCplt_SW
                0x0000000020000036        0x1 Hydrogreen/rs485.o
 *fill*         0x0000000020000037        0x1 
 .bss.dataFromRx_EF
                0x0000000020000038       0x15 Hydrogreen/rs485.o
 *fill*         0x000000002000004d        0x1 
 .bss.posInRxTab_EF
                0x000000002000004e        0x2 Hydrogreen/rs485.o
 .bss.intRxCplt_EF
                0x0000000020000050        0x1 Hydrogreen/rs485.o
 *fill*         0x0000000020000051        0x3 
 .bss.dataToTx_EF
                0x0000000020000054        0x6 Hydrogreen/rs485.o
 .bss.posInTxTab_EF
                0x000000002000005a        0x2 Hydrogreen/rs485.o
 .bss.RS485_BUFF_SW
                0x000000002000005c        0x2 Hydrogreen/rs485.o
 *fill*         0x000000002000005e        0x2 
 .bss.RS485_BUFF_EF
                0x0000000020000060        0x2 Hydrogreen/rs485.o
 .bss.cntEndOfTxTick_EF.8561
                0x0000000020000062        0x2 Hydrogreen/rs485.o
 .bss.cntEndOfRxTick_EF.8579
                0x0000000020000064        0x4 Hydrogreen/rs485.o
 .bss.rejectedFramesInRow_EF.8578
                0x0000000020000068        0x4 Hydrogreen/rs485.o
 .bss.timers_sysCycle100kHzCnt
                0x000000002000006c        0x4 Hydrogreen/timers.o
 .bss.initFlag.8455
                0x0000000020000070        0x1 Hydrogreen/timers.o
 *fill*         0x0000000020000071        0x3 
 .bss.actSysCyclePeriod.8456
                0x0000000020000074        0x4 Hydrogreen/timers.o
 .bss.avgCnt.8458
                0x0000000020000078        0x2 Hydrogreen/timers.o
 *fill*         0x000000002000007a        0x2 
 .bss.avgSysCyclePeriodSum.8457
                0x000000002000007c        0x4 Hydrogreen/timers.o
 *(COMMON)
 COMMON         0x0000000020000080       0xa8 Core/Src/adc.o
                0x0000000020000080                hadc2
                0x00000000200000c8                hdma_adc2
 COMMON         0x0000000020000128        0x8 Core/Src/crc.o
                0x0000000020000128                hcrc
 COMMON         0x0000000020000130        0xc Core/Src/iwdg.o
                0x0000000020000130                hiwdg
 COMMON         0x000000002000013c       0xc0 Core/Src/tim.o
                0x000000002000013c                htim6
                0x000000002000017c                htim2
                0x00000000200001bc                htim7
 COMMON         0x00000000200001fc      0x240 Core/Src/usart.o
                0x00000000200001fc                hdma_uart4_rx
                0x000000002000025c                hdma_usart3_rx
                0x00000000200002bc                huart3
                0x00000000200002fc                hdma_usart1_rx
                0x000000002000035c                huart1
                0x000000002000039c                huart4
                0x00000000200003dc                hdma_uart4_tx
 COMMON         0x000000002000043c        0x4 Drivers/STM32F4xx_HAL_Driver/Src/stm32f4xx_hal.o
                0x000000002000043c                uwTick
 COMMON         0x0000000020000440       0x45 Hydrogreen/rs485.o
                0x0000000020000440                RS485_TX_DATA_EF
                0x0000000020000444                RS485_TX_DATA_SW
                0x0000000020000468                RS485_RX_VERIFIED_DATA_EF
                0x000000002000047c                RS485_RX_VERIFIED_DATA_SW
 *fill*         0x0000000020000485        0x3 
 COMMON         0x0000000020000488       0x1c Hydrogreen/timers.o
                0x0000000020000488                timers_tick10kHz
                0x000000002000048a                timers_mainTimeMiliseconds
                0x000000002000048c                timers_tick1kHz
                0x000000002000048d                timers_mainTimeHours
                0x0000000020000490                timers_maxSysCyclePeriod
                0x0000000020000494                timers_mainTimeMinutes
                0x0000000020000498                timers_minSysCyclePeriod
                0x000000002000049c                timers_mainTimeSeconds
                0x00000000200004a0                timers_avgSysCyclePeriod
 COMMON         0x00000000200004a4        0x1 Hydrogreen/watchdog.o
                0x00000000200004a4                watchdog_flt
                0x00000000200004a8                . = ALIGN (0x4)
 *fill*         0x00000000200004a5        0x3 
                0x00000000200004a8                _ebss = .
                0x00000000200004a8                __bss_end__ = _ebss

._user_heap_stack
                0x00000000200004a8      0x600 load address 0x0000000008005590
                0x00000000200004a8                . = ALIGN (0x8)
                [!provide]                        PROVIDE (end = .)
                0x00000000200004a8                PROVIDE (_end = .)
                0x00000000200006a8                . = (. + _Min_Heap_Size)
 *fill*         0x00000000200004a8      0x200 
                0x0000000020000aa8                . = (. + _Min_Stack_Size)
 *fill*         0x00000000200006a8      0x400 
                0x0000000020000aa8                . = ALIGN (0x8)

/DISCARD/
 libc.a(*)
 libm.a(*)
 libgcc.a(*)

.ARM.attributes
                0x0000000000000000       0x30
 *(.ARM.attributes)
 .ARM.attributes
                0x0000000000000000       0x1e c:/st/stm32cubeide_1.5.1/stm32cubeide/plugins/com.st.stm32cube.ide.mcu.externaltools.gnu-tools-for-stm32.9-2020-q2-update.win32_1.5.0.202011040924/tools/bin/../lib/gcc/arm-none-eabi/9.3.1/thumb/v7e-m+fp/hard/crti.o
 .ARM.attributes
                0x000000000000001e       0x34 c:/st/stm32cubeide_1.5.1/stm32cubeide/plugins/com.st.stm32cube.ide.mcu.externaltools.gnu-tools-for-stm32.9-2020-q2-update.win32_1.5.0.202011040924/tools/bin/../lib/gcc/arm-none-eabi/9.3.1/thumb/v7e-m+fp/hard/crtbegin.o
 .ARM.attributes
                0x0000000000000052       0x34 Core/Src/adc.o
 .ARM.attributes
                0x0000000000000086       0x34 Core/Src/crc.o
 .ARM.attributes
                0x00000000000000ba       0x34 Core/Src/dma.o
 .ARM.attributes
                0x00000000000000ee       0x34 Core/Src/gpio.o
 .ARM.attributes
                0x0000000000000122       0x34 Core/Src/iwdg.o
 .ARM.attributes
                0x0000000000000156       0x34 Core/Src/main.o
 .ARM.attributes
                0x000000000000018a       0x34 Core/Src/stm32f4xx_hal_msp.o
 .ARM.attributes
                0x00000000000001be       0x34 Core/Src/stm32f4xx_it.o
 .ARM.attributes
                0x00000000000001f2       0x34 Core/Src/system_stm32f4xx.o
 .ARM.attributes
                0x0000000000000226       0x34 Core/Src/tim.o
 .ARM.attributes
                0x000000000000025a       0x34 Core/Src/usart.o
 .ARM.attributes
                0x000000000000028e       0x21 Core/Startup/startup_stm32f446retx.o
 .ARM.attributes
                0x00000000000002af       0x34 Drivers/STM32F4xx_HAL_Driver/Src/stm32f4xx_hal.o
 .ARM.attributes
                0x00000000000002e3       0x34 Drivers/STM32F4xx_HAL_Driver/Src/stm32f4xx_hal_adc.o
 .ARM.attributes
                0x0000000000000317       0x34 Drivers/STM32F4xx_HAL_Driver/Src/stm32f4xx_hal_adc_ex.o
 .ARM.attributes
                0x000000000000034b       0x34 Drivers/STM32F4xx_HAL_Driver/Src/stm32f4xx_hal_cortex.o
 .ARM.attributes
                0x000000000000037f       0x34 Drivers/STM32F4xx_HAL_Driver/Src/stm32f4xx_hal_crc.o
 .ARM.attributes
                0x00000000000003b3       0x34 Drivers/STM32F4xx_HAL_Driver/Src/stm32f4xx_hal_dma.o
 .ARM.attributes
                0x00000000000003e7       0x34 Drivers/STM32F4xx_HAL_Driver/Src/stm32f4xx_hal_gpio.o
 .ARM.attributes
                0x000000000000041b       0x34 Drivers/STM32F4xx_HAL_Driver/Src/stm32f4xx_hal_iwdg.o
 .ARM.attributes
                0x000000000000044f       0x34 Drivers/STM32F4xx_HAL_Driver/Src/stm32f4xx_hal_pwr_ex.o
 .ARM.attributes
                0x0000000000000483       0x34 Drivers/STM32F4xx_HAL_Driver/Src/stm32f4xx_hal_rcc.o
 .ARM.attributes
                0x00000000000004b7       0x34 Drivers/STM32F4xx_HAL_Driver/Src/stm32f4xx_hal_rcc_ex.o
 .ARM.attributes
                0x00000000000004eb       0x34 Drivers/STM32F4xx_HAL_Driver/Src/stm32f4xx_hal_tim.o
 .ARM.attributes
                0x000000000000051f       0x34 Drivers/STM32F4xx_HAL_Driver/Src/stm32f4xx_hal_tim_ex.o
 .ARM.attributes
                0x0000000000000553       0x34 Drivers/STM32F4xx_HAL_Driver/Src/stm32f4xx_hal_uart.o
 .ARM.attributes
                0x0000000000000587       0x34 Hydrogreen/hydrogreen.o
 .ARM.attributes
                0x00000000000005bb       0x34 Hydrogreen/rs485.o
 .ARM.attributes
                0x00000000000005ef       0x34 Hydrogreen/timers.o
 .ARM.attributes
                0x0000000000000623       0x34 Hydrogreen/watchdog.o
 .ARM.attributes
                0x0000000000000657       0x34 c:/st/stm32cubeide_1.5.1/stm32cubeide/plugins/com.st.stm32cube.ide.mcu.externaltools.gnu-tools-for-stm32.9-2020-q2-update.win32_1.5.0.202011040924/tools/bin/../lib/gcc/arm-none-eabi/9.3.1/../../../../arm-none-eabi/lib/thumb/v7e-m+fp/hard\libc_nano.a(lib_a-init.o)
 .ARM.attributes
                0x000000000000068b       0x34 c:/st/stm32cubeide_1.5.1/stm32cubeide/plugins/com.st.stm32cube.ide.mcu.externaltools.gnu-tools-for-stm32.9-2020-q2-update.win32_1.5.0.202011040924/tools/bin/../lib/gcc/arm-none-eabi/9.3.1/../../../../arm-none-eabi/lib/thumb/v7e-m+fp/hard\libc_nano.a(lib_a-memset.o)
 .ARM.attributes
                0x00000000000006bf       0x1e c:/st/stm32cubeide_1.5.1/stm32cubeide/plugins/com.st.stm32cube.ide.mcu.externaltools.gnu-tools-for-stm32.9-2020-q2-update.win32_1.5.0.202011040924/tools/bin/../lib/gcc/arm-none-eabi/9.3.1/thumb/v7e-m+fp/hard\libgcc.a(_aeabi_uldivmod.o)
 .ARM.attributes
                0x00000000000006dd       0x34 c:/st/stm32cubeide_1.5.1/stm32cubeide/plugins/com.st.stm32cube.ide.mcu.externaltools.gnu-tools-for-stm32.9-2020-q2-update.win32_1.5.0.202011040924/tools/bin/../lib/gcc/arm-none-eabi/9.3.1/thumb/v7e-m+fp/hard\libgcc.a(_udivmoddi4.o)
 .ARM.attributes
                0x0000000000000711       0x1e c:/st/stm32cubeide_1.5.1/stm32cubeide/plugins/com.st.stm32cube.ide.mcu.externaltools.gnu-tools-for-stm32.9-2020-q2-update.win32_1.5.0.202011040924/tools/bin/../lib/gcc/arm-none-eabi/9.3.1/thumb/v7e-m+fp/hard\libgcc.a(_dvmd_tls.o)
 .ARM.attributes
                0x000000000000072f       0x1e c:/st/stm32cubeide_1.5.1/stm32cubeide/plugins/com.st.stm32cube.ide.mcu.externaltools.gnu-tools-for-stm32.9-2020-q2-update.win32_1.5.0.202011040924/tools/bin/../lib/gcc/arm-none-eabi/9.3.1/thumb/v7e-m+fp/hard/crtn.o
OUTPUT(Master_01.elf elf32-littlearm)
LOAD linker stubs
LOAD c:/st/stm32cubeide_1.5.1/stm32cubeide/plugins/com.st.stm32cube.ide.mcu.externaltools.gnu-tools-for-stm32.9-2020-q2-update.win32_1.5.0.202011040924/tools/bin/../lib/gcc/arm-none-eabi/9.3.1/../../../../arm-none-eabi/lib/thumb/v7e-m+fp/hard\libc.a
LOAD c:/st/stm32cubeide_1.5.1/stm32cubeide/plugins/com.st.stm32cube.ide.mcu.externaltools.gnu-tools-for-stm32.9-2020-q2-update.win32_1.5.0.202011040924/tools/bin/../lib/gcc/arm-none-eabi/9.3.1/../../../../arm-none-eabi/lib/thumb/v7e-m+fp/hard\libm.a
LOAD c:/st/stm32cubeide_1.5.1/stm32cubeide/plugins/com.st.stm32cube.ide.mcu.externaltools.gnu-tools-for-stm32.9-2020-q2-update.win32_1.5.0.202011040924/tools/bin/../lib/gcc/arm-none-eabi/9.3.1/thumb/v7e-m+fp/hard\libgcc.a

.debug_info     0x0000000000000000    0x14244
 .debug_info    0x0000000000000000      0xd38 Core/Src/adc.o
 .debug_info    0x0000000000000d38      0x562 Core/Src/crc.o
 .debug_info    0x000000000000129a      0x60f Core/Src/dma.o
 .debug_info    0x00000000000018a9      0x7aa Core/Src/gpio.o
 .debug_info    0x0000000000002053      0x286 Core/Src/iwdg.o
 .debug_info    0x00000000000022d9     0x1162 Core/Src/main.o
 .debug_info    0x000000000000343b      0x3cc Core/Src/stm32f4xx_hal_msp.o
 .debug_info    0x0000000000003807      0xd5a Core/Src/stm32f4xx_it.o
 .debug_info    0x0000000000004561      0x5dc Core/Src/system_stm32f4xx.o
 .debug_info    0x0000000000004b3d      0xcf1 Core/Src/tim.o
 .debug_info    0x000000000000582e      0xd75 Core/Src/usart.o
 .debug_info    0x00000000000065a3       0x22 Core/Startup/startup_stm32f446retx.o
 .debug_info    0x00000000000065c5      0xa08 Drivers/STM32F4xx_HAL_Driver/Src/stm32f4xx_hal.o
 .debug_info    0x0000000000006fcd      0xdbc Drivers/STM32F4xx_HAL_Driver/Src/stm32f4xx_hal_adc.o
 .debug_info    0x0000000000007d89      0xc22 Drivers/STM32F4xx_HAL_Driver/Src/stm32f4xx_hal_adc_ex.o
 .debug_info    0x00000000000089ab      0xef5 Drivers/STM32F4xx_HAL_Driver/Src/stm32f4xx_hal_cortex.o
 .debug_info    0x00000000000098a0      0x47a Drivers/STM32F4xx_HAL_Driver/Src/stm32f4xx_hal_crc.o
 .debug_info    0x0000000000009d1a      0x9f1 Drivers/STM32F4xx_HAL_Driver/Src/stm32f4xx_hal_dma.o
 .debug_info    0x000000000000a70b      0x882 Drivers/STM32F4xx_HAL_Driver/Src/stm32f4xx_hal_gpio.o
 .debug_info    0x000000000000af8d      0x2cb Drivers/STM32F4xx_HAL_Driver/Src/stm32f4xx_hal_iwdg.o
 .debug_info    0x000000000000b258      0x7ca Drivers/STM32F4xx_HAL_Driver/Src/stm32f4xx_hal_pwr_ex.o
 .debug_info    0x000000000000ba22      0x9db Drivers/STM32F4xx_HAL_Driver/Src/stm32f4xx_hal_rcc.o
 .debug_info    0x000000000000c3fd      0xa76 Drivers/STM32F4xx_HAL_Driver/Src/stm32f4xx_hal_rcc_ex.o
 .debug_info    0x000000000000ce73     0x26cd Drivers/STM32F4xx_HAL_Driver/Src/stm32f4xx_hal_tim.o
 .debug_info    0x000000000000f540     0x125f Drivers/STM32F4xx_HAL_Driver/Src/stm32f4xx_hal_tim_ex.o
 .debug_info    0x000000000001079f     0x1357 Drivers/STM32F4xx_HAL_Driver/Src/stm32f4xx_hal_uart.o
 .debug_info    0x0000000000011af6      0x809 Hydrogreen/hydrogreen.o
 .debug_info    0x00000000000122ff     0x1231 Hydrogreen/rs485.o
 .debug_info    0x0000000000013530      0x89d Hydrogreen/timers.o
 .debug_info    0x0000000000013dcd      0x477 Hydrogreen/watchdog.o

.debug_abbrev   0x0000000000000000     0x35eb
 .debug_abbrev  0x0000000000000000      0x1d7 Core/Src/adc.o
 .debug_abbrev  0x00000000000001d7      0x177 Core/Src/crc.o
 .debug_abbrev  0x000000000000034e      0x126 Core/Src/dma.o
 .debug_abbrev  0x0000000000000474      0x157 Core/Src/gpio.o
 .debug_abbrev  0x00000000000005cb      0x11f Core/Src/iwdg.o
 .debug_abbrev  0x00000000000006ea      0x1ca Core/Src/main.o
 .debug_abbrev  0x00000000000008b4      0x11d Core/Src/stm32f4xx_hal_msp.o
 .debug_abbrev  0x00000000000009d1      0x1a1 Core/Src/stm32f4xx_it.o
 .debug_abbrev  0x0000000000000b72      0x145 Core/Src/system_stm32f4xx.o
 .debug_abbrev  0x0000000000000cb7      0x1c6 Core/Src/tim.o
 .debug_abbrev  0x0000000000000e7d      0x1d7 Core/Src/usart.o
 .debug_abbrev  0x0000000000001054       0x12 Core/Startup/startup_stm32f446retx.o
 .debug_abbrev  0x0000000000001066      0x1ed Drivers/STM32F4xx_HAL_Driver/Src/stm32f4xx_hal.o
 .debug_abbrev  0x0000000000001253      0x22f Drivers/STM32F4xx_HAL_Driver/Src/stm32f4xx_hal_adc.o
 .debug_abbrev  0x0000000000001482      0x24a Drivers/STM32F4xx_HAL_Driver/Src/stm32f4xx_hal_adc_ex.o
 .debug_abbrev  0x00000000000016cc      0x33c Drivers/STM32F4xx_HAL_Driver/Src/stm32f4xx_hal_cortex.o
 .debug_abbrev  0x0000000000001a08      0x1dd Drivers/STM32F4xx_HAL_Driver/Src/stm32f4xx_hal_crc.o
 .debug_abbrev  0x0000000000001be5      0x259 Drivers/STM32F4xx_HAL_Driver/Src/stm32f4xx_hal_dma.o
 .debug_abbrev  0x0000000000001e3e      0x1f1 Drivers/STM32F4xx_HAL_Driver/Src/stm32f4xx_hal_gpio.o
 .debug_abbrev  0x000000000000202f      0x152 Drivers/STM32F4xx_HAL_Driver/Src/stm32f4xx_hal_iwdg.o
 .debug_abbrev  0x0000000000002181      0x1da Drivers/STM32F4xx_HAL_Driver/Src/stm32f4xx_hal_pwr_ex.o
 .debug_abbrev  0x000000000000235b      0x275 Drivers/STM32F4xx_HAL_Driver/Src/stm32f4xx_hal_rcc.o
 .debug_abbrev  0x00000000000025d0      0x1e2 Drivers/STM32F4xx_HAL_Driver/Src/stm32f4xx_hal_rcc_ex.o
 .debug_abbrev  0x00000000000027b2      0x25e Drivers/STM32F4xx_HAL_Driver/Src/stm32f4xx_hal_tim.o
 .debug_abbrev  0x0000000000002a10      0x24c Drivers/STM32F4xx_HAL_Driver/Src/stm32f4xx_hal_tim_ex.o
 .debug_abbrev  0x0000000000002c5c      0x270 Drivers/STM32F4xx_HAL_Driver/Src/stm32f4xx_hal_uart.o
 .debug_abbrev  0x0000000000002ecc      0x14e Hydrogreen/hydrogreen.o
 .debug_abbrev  0x000000000000301a      0x2a5 Hydrogreen/rs485.o
 .debug_abbrev  0x00000000000032bf      0x1f3 Hydrogreen/timers.o
 .debug_abbrev  0x00000000000034b2      0x139 Hydrogreen/watchdog.o

.debug_aranges  0x0000000000000000     0x10f8
 .debug_aranges
                0x0000000000000000       0x30 Core/Src/adc.o
 .debug_aranges
                0x0000000000000030       0x30 Core/Src/crc.o
 .debug_aranges
                0x0000000000000060       0x20 Core/Src/dma.o
 .debug_aranges
                0x0000000000000080       0x20 Core/Src/gpio.o
 .debug_aranges
                0x00000000000000a0       0x20 Core/Src/iwdg.o
 .debug_aranges
                0x00000000000000c0       0x30 Core/Src/main.o
 .debug_aranges
                0x00000000000000f0       0x20 Core/Src/stm32f4xx_hal_msp.o
 .debug_aranges
                0x0000000000000110       0xc8 Core/Src/stm32f4xx_it.o
 .debug_aranges
                0x00000000000001d8       0x28 Core/Src/system_stm32f4xx.o
 .debug_aranges
                0x0000000000000200       0x40 Core/Src/tim.o
 .debug_aranges
                0x0000000000000240       0x40 Core/Src/usart.o
 .debug_aranges
                0x0000000000000280       0x28 Core/Startup/startup_stm32f446retx.o
 .debug_aranges
                0x00000000000002a8       0xf0 Drivers/STM32F4xx_HAL_Driver/Src/stm32f4xx_hal.o
 .debug_aranges
                0x0000000000000398       0xe8 Drivers/STM32F4xx_HAL_Driver/Src/stm32f4xx_hal_adc.o
 .debug_aranges
                0x0000000000000480       0x90 Drivers/STM32F4xx_HAL_Driver/Src/stm32f4xx_hal_adc_ex.o
 .debug_aranges
                0x0000000000000510      0x118 Drivers/STM32F4xx_HAL_Driver/Src/stm32f4xx_hal_cortex.o
 .debug_aranges
                0x0000000000000628       0x50 Drivers/STM32F4xx_HAL_Driver/Src/stm32f4xx_hal_crc.o
 .debug_aranges
                0x0000000000000678       0x90 Drivers/STM32F4xx_HAL_Driver/Src/stm32f4xx_hal_dma.o
 .debug_aranges
                0x0000000000000708       0x58 Drivers/STM32F4xx_HAL_Driver/Src/stm32f4xx_hal_gpio.o
 .debug_aranges
                0x0000000000000760       0x28 Drivers/STM32F4xx_HAL_Driver/Src/stm32f4xx_hal_iwdg.o
 .debug_aranges
                0x0000000000000788       0x60 Drivers/STM32F4xx_HAL_Driver/Src/stm32f4xx_hal_pwr_ex.o
 .debug_aranges
                0x00000000000007e8       0x88 Drivers/STM32F4xx_HAL_Driver/Src/stm32f4xx_hal_rcc.o
 .debug_aranges
                0x0000000000000870       0x78 Drivers/STM32F4xx_HAL_Driver/Src/stm32f4xx_hal_rcc_ex.o
 .debug_aranges
                0x00000000000008e8      0x3a8 Drivers/STM32F4xx_HAL_Driver/Src/stm32f4xx_hal_tim.o
 .debug_aranges
                0x0000000000000c90      0x150 Drivers/STM32F4xx_HAL_Driver/Src/stm32f4xx_hal_tim_ex.o
 .debug_aranges
                0x0000000000000de0      0x1d0 Drivers/STM32F4xx_HAL_Driver/Src/stm32f4xx_hal_uart.o
 .debug_aranges
                0x0000000000000fb0       0x40 Hydrogreen/hydrogreen.o
 .debug_aranges
                0x0000000000000ff0       0x90 Hydrogreen/rs485.o
 .debug_aranges
                0x0000000000001080       0x50 Hydrogreen/timers.o
 .debug_aranges
                0x00000000000010d0       0x28 Hydrogreen/watchdog.o

.debug_ranges   0x0000000000000000      0xf20
 .debug_ranges  0x0000000000000000       0x20 Core/Src/adc.o
 .debug_ranges  0x0000000000000020       0x20 Core/Src/crc.o
 .debug_ranges  0x0000000000000040       0x10 Core/Src/dma.o
 .debug_ranges  0x0000000000000050       0x10 Core/Src/gpio.o
 .debug_ranges  0x0000000000000060       0x10 Core/Src/iwdg.o
 .debug_ranges  0x0000000000000070       0x20 Core/Src/main.o
 .debug_ranges  0x0000000000000090       0x10 Core/Src/stm32f4xx_hal_msp.o
 .debug_ranges  0x00000000000000a0       0xb8 Core/Src/stm32f4xx_it.o
 .debug_ranges  0x0000000000000158       0x18 Core/Src/system_stm32f4xx.o
 .debug_ranges  0x0000000000000170       0x30 Core/Src/tim.o
 .debug_ranges  0x00000000000001a0       0x30 Core/Src/usart.o
 .debug_ranges  0x00000000000001d0       0x20 Core/Startup/startup_stm32f446retx.o
 .debug_ranges  0x00000000000001f0       0xe0 Drivers/STM32F4xx_HAL_Driver/Src/stm32f4xx_hal.o
 .debug_ranges  0x00000000000002d0       0xd8 Drivers/STM32F4xx_HAL_Driver/Src/stm32f4xx_hal_adc.o
 .debug_ranges  0x00000000000003a8       0x80 Drivers/STM32F4xx_HAL_Driver/Src/stm32f4xx_hal_adc_ex.o
 .debug_ranges  0x0000000000000428      0x108 Drivers/STM32F4xx_HAL_Driver/Src/stm32f4xx_hal_cortex.o
 .debug_ranges  0x0000000000000530       0x40 Drivers/STM32F4xx_HAL_Driver/Src/stm32f4xx_hal_crc.o
 .debug_ranges  0x0000000000000570       0x80 Drivers/STM32F4xx_HAL_Driver/Src/stm32f4xx_hal_dma.o
 .debug_ranges  0x00000000000005f0       0x48 Drivers/STM32F4xx_HAL_Driver/Src/stm32f4xx_hal_gpio.o
 .debug_ranges  0x0000000000000638       0x18 Drivers/STM32F4xx_HAL_Driver/Src/stm32f4xx_hal_iwdg.o
 .debug_ranges  0x0000000000000650       0x50 Drivers/STM32F4xx_HAL_Driver/Src/stm32f4xx_hal_pwr_ex.o
 .debug_ranges  0x00000000000006a0       0x78 Drivers/STM32F4xx_HAL_Driver/Src/stm32f4xx_hal_rcc.o
 .debug_ranges  0x0000000000000718       0x68 Drivers/STM32F4xx_HAL_Driver/Src/stm32f4xx_hal_rcc_ex.o
 .debug_ranges  0x0000000000000780      0x398 Drivers/STM32F4xx_HAL_Driver/Src/stm32f4xx_hal_tim.o
 .debug_ranges  0x0000000000000b18      0x140 Drivers/STM32F4xx_HAL_Driver/Src/stm32f4xx_hal_tim_ex.o
 .debug_ranges  0x0000000000000c58      0x1c0 Drivers/STM32F4xx_HAL_Driver/Src/stm32f4xx_hal_uart.o
 .debug_ranges  0x0000000000000e18       0x30 Hydrogreen/hydrogreen.o
 .debug_ranges  0x0000000000000e48       0x80 Hydrogreen/rs485.o
 .debug_ranges  0x0000000000000ec8       0x40 Hydrogreen/timers.o
 .debug_ranges  0x0000000000000f08       0x18 Hydrogreen/watchdog.o

.debug_macro    0x0000000000000000    0x2408d
 .debug_macro   0x0000000000000000      0x214 Core/Src/adc.o
 .debug_macro   0x0000000000000214      0xaa8 Core/Src/adc.o
 .debug_macro   0x0000000000000cbc      0x2a6 Core/Src/adc.o
 .debug_macro   0x0000000000000f62       0x2e Core/Src/adc.o
 .debug_macro   0x0000000000000f90       0x28 Core/Src/adc.o
 .debug_macro   0x0000000000000fb8       0x22 Core/Src/adc.o
 .debug_macro   0x0000000000000fda       0x8e Core/Src/adc.o
 .debug_macro   0x0000000000001068       0x51 Core/Src/adc.o
 .debug_macro   0x00000000000010b9      0x103 Core/Src/adc.o
 .debug_macro   0x00000000000011bc       0x6a Core/Src/adc.o
 .debug_macro   0x0000000000001226      0x1df Core/Src/adc.o
 .debug_macro   0x0000000000001405       0x1c Core/Src/adc.o
 .debug_macro   0x0000000000001421       0x22 Core/Src/adc.o
 .debug_macro   0x0000000000001443       0xdf Core/Src/adc.o
 .debug_macro   0x0000000000001522     0x102d Core/Src/adc.o
 .debug_macro   0x000000000000254f      0x11f Core/Src/adc.o
 .debug_macro   0x000000000000266e    0x1672d Core/Src/adc.o
 .debug_macro   0x0000000000018d9b       0x43 Core/Src/adc.o
 .debug_macro   0x0000000000018dde     0x3659 Core/Src/adc.o
 .debug_macro   0x000000000001c437      0x174 Core/Src/adc.o
 .debug_macro   0x000000000001c5ab       0x5a Core/Src/adc.o
 .debug_macro   0x000000000001c605      0xc90 Core/Src/adc.o
 .debug_macro   0x000000000001d295      0x9fe Core/Src/adc.o
 .debug_macro   0x000000000001dc93      0x117 Core/Src/adc.o
 .debug_macro   0x000000000001ddaa      0x1a0 Core/Src/adc.o
 .debug_macro   0x000000000001df4a       0x27 Core/Src/adc.o
 .debug_macro   0x000000000001df71      0x16d Core/Src/adc.o
 .debug_macro   0x000000000001e0de      0x287 Core/Src/adc.o
 .debug_macro   0x000000000001e365       0x5f Core/Src/adc.o
 .debug_macro   0x000000000001e3c4      0x236 Core/Src/adc.o
 .debug_macro   0x000000000001e5fa      0x391 Core/Src/adc.o
 .debug_macro   0x000000000001e98b      0x17d Core/Src/adc.o
 .debug_macro   0x000000000001eb08       0xf9 Core/Src/adc.o
 .debug_macro   0x000000000001ec01       0x22 Core/Src/adc.o
 .debug_macro   0x000000000001ec23      0x132 Core/Src/adc.o
 .debug_macro   0x000000000001ed55      0x29c Core/Src/adc.o
 .debug_macro   0x000000000001eff1       0x2e Core/Src/adc.o
 .debug_macro   0x000000000001f01f       0x78 Core/Src/adc.o
 .debug_macro   0x000000000001f097      0x11a Core/Src/adc.o
 .debug_macro   0x000000000001f1b1       0xe8 Core/Src/adc.o
 .debug_macro   0x000000000001f299       0x89 Core/Src/adc.o
 .debug_macro   0x000000000001f322      0x8a0 Core/Src/adc.o
 .debug_macro   0x000000000001fbc2       0x4d Core/Src/adc.o
 .debug_macro   0x000000000001fc0f      0x287 Core/Src/adc.o
 .debug_macro   0x000000000001fe96      0x126 Core/Src/adc.o
 .debug_macro   0x000000000001ffbc       0xe2 Core/Src/adc.o
 .debug_macro   0x000000000002009e      0x214 Core/Src/crc.o
 .debug_macro   0x00000000000202b2      0x214 Core/Src/dma.o
 .debug_macro   0x00000000000204c6      0x214 Core/Src/gpio.o
 .debug_macro   0x00000000000206da      0x214 Core/Src/iwdg.o
 .debug_macro   0x00000000000208ee      0x266 Core/Src/main.o
 .debug_macro   0x0000000000020b54      0x34e Core/Src/main.o
 .debug_macro   0x0000000000020ea2       0x10 Core/Src/main.o
 .debug_macro   0x0000000000020eb2      0x20a Core/Src/stm32f4xx_hal_msp.o
 .debug_macro   0x00000000000210bc      0x214 Core/Src/stm32f4xx_it.o
 .debug_macro   0x00000000000212d0      0x201 Core/Src/system_stm32f4xx.o
 .debug_macro   0x00000000000214d1      0x214 Core/Src/tim.o
 .debug_macro   0x00000000000216e5      0x214 Core/Src/usart.o
 .debug_macro   0x00000000000218f9      0x25b Drivers/STM32F4xx_HAL_Driver/Src/stm32f4xx_hal.o
 .debug_macro   0x0000000000021b54      0x1fc Drivers/STM32F4xx_HAL_Driver/Src/stm32f4xx_hal_adc.o
 .debug_macro   0x0000000000021d50      0x1fb Drivers/STM32F4xx_HAL_Driver/Src/stm32f4xx_hal_adc_ex.o
 .debug_macro   0x0000000000021f4b      0x1fb Drivers/STM32F4xx_HAL_Driver/Src/stm32f4xx_hal_cortex.o
 .debug_macro   0x0000000000022146      0x1fb Drivers/STM32F4xx_HAL_Driver/Src/stm32f4xx_hal_crc.o
 .debug_macro   0x0000000000022341      0x201 Drivers/STM32F4xx_HAL_Driver/Src/stm32f4xx_hal_dma.o
 .debug_macro   0x0000000000022542      0x231 Drivers/STM32F4xx_HAL_Driver/Src/stm32f4xx_hal_gpio.o
 .debug_macro   0x0000000000022773      0x201 Drivers/STM32F4xx_HAL_Driver/Src/stm32f4xx_hal_iwdg.o
 .debug_macro   0x0000000000022974      0x213 Drivers/STM32F4xx_HAL_Driver/Src/stm32f4xx_hal_pwr_ex.o
 .debug_macro   0x0000000000022b87      0x21f Drivers/STM32F4xx_HAL_Driver/Src/stm32f4xx_hal_rcc.o
 .debug_macro   0x0000000000022da6      0x1fb Drivers/STM32F4xx_HAL_Driver/Src/stm32f4xx_hal_rcc_ex.o
 .debug_macro   0x0000000000022fa1      0x1fc Drivers/STM32F4xx_HAL_Driver/Src/stm32f4xx_hal_tim.o
 .debug_macro   0x000000000002319d      0x1fb Drivers/STM32F4xx_HAL_Driver/Src/stm32f4xx_hal_tim_ex.o
 .debug_macro   0x0000000000023398      0x1fc Drivers/STM32F4xx_HAL_Driver/Src/stm32f4xx_hal_uart.o
 .debug_macro   0x0000000000023594      0x240 Hydrogreen/hydrogreen.o
 .debug_macro   0x00000000000237d4       0x1c Hydrogreen/hydrogreen.o
 .debug_macro   0x00000000000237f0       0x1c Hydrogreen/hydrogreen.o
 .debug_macro   0x000000000002380c      0x1d1 Hydrogreen/hydrogreen.o
 .debug_macro   0x00000000000239dd      0x260 Hydrogreen/rs485.o
 .debug_macro   0x0000000000023c3d      0x22a Hydrogreen/timers.o
 .debug_macro   0x0000000000023e67      0x226 Hydrogreen/watchdog.o

.debug_line     0x0000000000000000    0x15f5d
 .debug_line    0x0000000000000000      0x7dc Core/Src/adc.o
 .debug_line    0x00000000000007dc      0x75f Core/Src/crc.o
 .debug_line    0x0000000000000f3b      0x72b Core/Src/dma.o
 .debug_line    0x0000000000001666      0x783 Core/Src/gpio.o
 .debug_line    0x0000000000001de9      0x731 Core/Src/iwdg.o
 .debug_line    0x000000000000251a      0x848 Core/Src/main.o
 .debug_line    0x0000000000002d62      0x728 Core/Src/stm32f4xx_hal_msp.o
 .debug_line    0x000000000000348a      0x91c Core/Src/stm32f4xx_it.o
 .debug_line    0x0000000000003da6      0x7ae Core/Src/system_stm32f4xx.o
 .debug_line    0x0000000000004554      0x857 Core/Src/tim.o
 .debug_line    0x0000000000004dab      0x906 Core/Src/usart.o
 .debug_line    0x00000000000056b1       0x85 Core/Startup/startup_stm32f446retx.o
 .debug_line    0x0000000000005736      0xa0e Drivers/STM32F4xx_HAL_Driver/Src/stm32f4xx_hal.o
 .debug_line    0x0000000000006144     0x126e Drivers/STM32F4xx_HAL_Driver/Src/stm32f4xx_hal_adc.o
 .debug_line    0x00000000000073b2      0xebd Drivers/STM32F4xx_HAL_Driver/Src/stm32f4xx_hal_adc_ex.o
 .debug_line    0x000000000000826f      0xcbd Drivers/STM32F4xx_HAL_Driver/Src/stm32f4xx_hal_cortex.o
 .debug_line    0x0000000000008f2c      0x86d Drivers/STM32F4xx_HAL_Driver/Src/stm32f4xx_hal_crc.o
 .debug_line    0x0000000000009799      0xf77 Drivers/STM32F4xx_HAL_Driver/Src/stm32f4xx_hal_dma.o
 .debug_line    0x000000000000a710      0xb82 Drivers/STM32F4xx_HAL_Driver/Src/stm32f4xx_hal_gpio.o
 .debug_line    0x000000000000b292      0x78e Drivers/STM32F4xx_HAL_Driver/Src/stm32f4xx_hal_iwdg.o
 .debug_line    0x000000000000ba20      0x93d Drivers/STM32F4xx_HAL_Driver/Src/stm32f4xx_hal_pwr_ex.o
 .debug_line    0x000000000000c35d      0xd73 Drivers/STM32F4xx_HAL_Driver/Src/stm32f4xx_hal_rcc.o
 .debug_line    0x000000000000d0d0     0x13ac Drivers/STM32F4xx_HAL_Driver/Src/stm32f4xx_hal_rcc_ex.o
 .debug_line    0x000000000000e47c     0x29eb Drivers/STM32F4xx_HAL_Driver/Src/stm32f4xx_hal_tim.o
 .debug_line    0x0000000000010e67     0x11ff Drivers/STM32F4xx_HAL_Driver/Src/stm32f4xx_hal_tim_ex.o
 .debug_line    0x0000000000012066     0x1826 Drivers/STM32F4xx_HAL_Driver/Src/stm32f4xx_hal_uart.o
 .debug_line    0x000000000001388c      0x7f8 Hydrogreen/hydrogreen.o
 .debug_line    0x0000000000014084      0xf00 Hydrogreen/rs485.o
 .debug_line    0x0000000000014f84      0x858 Hydrogreen/timers.o
 .debug_line    0x00000000000157dc      0x781 Hydrogreen/watchdog.o

.debug_str      0x0000000000000000    0xd260d
 .debug_str     0x0000000000000000    0xcd67e Core/Src/adc.o
                                      0xcd9f7 (size before relaxing)
 .debug_str     0x00000000000cd67e       0xf2 Core/Src/crc.o
                                      0xcd11e (size before relaxing)
 .debug_str     0x00000000000cd770       0x29 Core/Src/dma.o
                                      0xcd50e (size before relaxing)
 .debug_str     0x00000000000cd799       0x48 Core/Src/gpio.o
                                      0xcd5ae (size before relaxing)
 .debug_str     0x00000000000cd7e1       0x63 Core/Src/iwdg.o
                                      0xccf36 (size before relaxing)
 .debug_str     0x00000000000cd844      0xdd4 Core/Src/main.o
                                      0xce404 (size before relaxing)
 .debug_str     0x00000000000ce618       0x2c Core/Src/stm32f4xx_hal_msp.o
                                      0xccfe2 (size before relaxing)
 .debug_str     0x00000000000ce644      0x1e9 Core/Src/stm32f4xx_it.o
                                      0xcd826 (size before relaxing)
 .debug_str     0x00000000000ce82d       0xc4 Core/Src/system_stm32f4xx.o
                                      0xccc44 (size before relaxing)
 .debug_str     0x00000000000ce8f1      0x102 Core/Src/tim.o
                                      0xcda64 (size before relaxing)
 .debug_str     0x00000000000ce9f3       0x79 Core/Src/usart.o
                                      0xcda58 (size before relaxing)
 .debug_str     0x00000000000cea6c       0x36 Core/Startup/startup_stm32f446retx.o
                                         0x70 (size before relaxing)
 .debug_str     0x00000000000ceaa2      0x58d Drivers/STM32F4xx_HAL_Driver/Src/stm32f4xx_hal.o
                                      0xcd752 (size before relaxing)
 .debug_str     0x00000000000cf02f      0x2a2 Drivers/STM32F4xx_HAL_Driver/Src/stm32f4xx_hal_adc.o
                                      0xcd1b6 (size before relaxing)
 .debug_str     0x00000000000cf2d1      0x302 Drivers/STM32F4xx_HAL_Driver/Src/stm32f4xx_hal_adc_ex.o
                                      0xcd1f0 (size before relaxing)
 .debug_str     0x00000000000cf5d3      0x392 Drivers/STM32F4xx_HAL_Driver/Src/stm32f4xx_hal_cortex.o
                                      0xcd51c (size before relaxing)
 .debug_str     0x00000000000cf965       0xaa Drivers/STM32F4xx_HAL_Driver/Src/stm32f4xx_hal_crc.o
                                      0xccc64 (size before relaxing)
 .debug_str     0x00000000000cfa0f      0x323 Drivers/STM32F4xx_HAL_Driver/Src/stm32f4xx_hal_dma.o
                                      0xcd034 (size before relaxing)
 .debug_str     0x00000000000cfd32      0x207 Drivers/STM32F4xx_HAL_Driver/Src/stm32f4xx_hal_gpio.o
                                      0xcce83 (size before relaxing)
 .debug_str     0x00000000000cff39       0x75 Drivers/STM32F4xx_HAL_Driver/Src/stm32f4xx_hal_iwdg.o
                                      0xccb6c (size before relaxing)
 .debug_str     0x00000000000cffae      0x135 Drivers/STM32F4xx_HAL_Driver/Src/stm32f4xx_hal_pwr_ex.o
                                      0xcce27 (size before relaxing)
 .debug_str     0x00000000000d00e3      0x259 Drivers/STM32F4xx_HAL_Driver/Src/stm32f4xx_hal_rcc.o
                                      0xcd036 (size before relaxing)
 .debug_str     0x00000000000d033c      0x31c Drivers/STM32F4xx_HAL_Driver/Src/stm32f4xx_hal_rcc_ex.o
                                      0xcd088 (size before relaxing)
 .debug_str     0x00000000000d0658      0xd05 Drivers/STM32F4xx_HAL_Driver/Src/stm32f4xx_hal_tim.o
                                      0xcdd2b (size before relaxing)
 .debug_str     0x00000000000d135d      0x4a2 Drivers/STM32F4xx_HAL_Driver/Src/stm32f4xx_hal_tim_ex.o
                                      0xcd52b (size before relaxing)
 .debug_str     0x00000000000d17ff      0x517 Drivers/STM32F4xx_HAL_Driver/Src/stm32f4xx_hal_uart.o
                                      0xcd46b (size before relaxing)
 .debug_str     0x00000000000d1d16      0x4af Hydrogreen/hydrogreen.o
                                      0xcdd61 (size before relaxing)
 .debug_str     0x00000000000d21c5      0x352 Hydrogreen/rs485.o
                                      0xce334 (size before relaxing)
 .debug_str     0x00000000000d2517       0xc1 Hydrogreen/timers.o
                                      0xcde62 (size before relaxing)
 .debug_str     0x00000000000d25d8       0x35 Hydrogreen/watchdog.o
                                      0xcda4d (size before relaxing)

.comment        0x0000000000000000       0x53
 .comment       0x0000000000000000       0x53 Core/Src/adc.o
                                         0x54 (size before relaxing)
 .comment       0x0000000000000053       0x54 Core/Src/crc.o
 .comment       0x0000000000000053       0x54 Core/Src/dma.o
 .comment       0x0000000000000053       0x54 Core/Src/gpio.o
 .comment       0x0000000000000053       0x54 Core/Src/iwdg.o
 .comment       0x0000000000000053       0x54 Core/Src/main.o
 .comment       0x0000000000000053       0x54 Core/Src/stm32f4xx_hal_msp.o
 .comment       0x0000000000000053       0x54 Core/Src/stm32f4xx_it.o
 .comment       0x0000000000000053       0x54 Core/Src/system_stm32f4xx.o
 .comment       0x0000000000000053       0x54 Core/Src/tim.o
 .comment       0x0000000000000053       0x54 Core/Src/usart.o
 .comment       0x0000000000000053       0x54 Drivers/STM32F4xx_HAL_Driver/Src/stm32f4xx_hal.o
 .comment       0x0000000000000053       0x54 Drivers/STM32F4xx_HAL_Driver/Src/stm32f4xx_hal_adc.o
 .comment       0x0000000000000053       0x54 Drivers/STM32F4xx_HAL_Driver/Src/stm32f4xx_hal_adc_ex.o
 .comment       0x0000000000000053       0x54 Drivers/STM32F4xx_HAL_Driver/Src/stm32f4xx_hal_cortex.o
 .comment       0x0000000000000053       0x54 Drivers/STM32F4xx_HAL_Driver/Src/stm32f4xx_hal_crc.o
 .comment       0x0000000000000053       0x54 Drivers/STM32F4xx_HAL_Driver/Src/stm32f4xx_hal_dma.o
 .comment       0x0000000000000053       0x54 Drivers/STM32F4xx_HAL_Driver/Src/stm32f4xx_hal_gpio.o
 .comment       0x0000000000000053       0x54 Drivers/STM32F4xx_HAL_Driver/Src/stm32f4xx_hal_iwdg.o
 .comment       0x0000000000000053       0x54 Drivers/STM32F4xx_HAL_Driver/Src/stm32f4xx_hal_pwr_ex.o
 .comment       0x0000000000000053       0x54 Drivers/STM32F4xx_HAL_Driver/Src/stm32f4xx_hal_rcc.o
 .comment       0x0000000000000053       0x54 Drivers/STM32F4xx_HAL_Driver/Src/stm32f4xx_hal_rcc_ex.o
 .comment       0x0000000000000053       0x54 Drivers/STM32F4xx_HAL_Driver/Src/stm32f4xx_hal_tim.o
 .comment       0x0000000000000053       0x54 Drivers/STM32F4xx_HAL_Driver/Src/stm32f4xx_hal_tim_ex.o
 .comment       0x0000000000000053       0x54 Drivers/STM32F4xx_HAL_Driver/Src/stm32f4xx_hal_uart.o
 .comment       0x0000000000000053       0x54 Hydrogreen/hydrogreen.o
 .comment       0x0000000000000053       0x54 Hydrogreen/rs485.o
 .comment       0x0000000000000053       0x54 Hydrogreen/timers.o
 .comment       0x0000000000000053       0x54 Hydrogreen/watchdog.o

.debug_frame    0x0000000000000000     0x4278
 .debug_frame   0x0000000000000000       0x7c Core/Src/adc.o
 .debug_frame   0x000000000000007c       0x7c Core/Src/crc.o
 .debug_frame   0x00000000000000f8       0x34 Core/Src/dma.o
 .debug_frame   0x000000000000012c       0x34 Core/Src/gpio.o
 .debug_frame   0x0000000000000160       0x2c Core/Src/iwdg.o
 .debug_frame   0x000000000000018c       0x6c Core/Src/main.o
 .debug_frame   0x00000000000001f8       0x34 Core/Src/stm32f4xx_hal_msp.o
 .debug_frame   0x000000000000022c      0x278 Core/Src/stm32f4xx_it.o
 .debug_frame   0x00000000000004a4       0x58 Core/Src/system_stm32f4xx.o
 .debug_frame   0x00000000000004fc       0xc4 Core/Src/tim.o
 .debug_frame   0x00000000000005c0       0xb0 Core/Src/usart.o
 .debug_frame   0x0000000000000670      0x374 Drivers/STM32F4xx_HAL_Driver/Src/stm32f4xx_hal.o
 .debug_frame   0x00000000000009e4      0x3fc Drivers/STM32F4xx_HAL_Driver/Src/stm32f4xx_hal_adc.o
 .debug_frame   0x0000000000000de0      0x250 Drivers/STM32F4xx_HAL_Driver/Src/stm32f4xx_hal_adc_ex.o
 .debug_frame   0x0000000000001030      0x498 Drivers/STM32F4xx_HAL_Driver/Src/stm32f4xx_hal_cortex.o
 .debug_frame   0x00000000000014c8      0x120 Drivers/STM32F4xx_HAL_Driver/Src/stm32f4xx_hal_crc.o
 .debug_frame   0x00000000000015e8      0x250 Drivers/STM32F4xx_HAL_Driver/Src/stm32f4xx_hal_dma.o
 .debug_frame   0x0000000000001838      0x14c Drivers/STM32F4xx_HAL_Driver/Src/stm32f4xx_hal_gpio.o
 .debug_frame   0x0000000000001984       0x5c Drivers/STM32F4xx_HAL_Driver/Src/stm32f4xx_hal_iwdg.o
 .debug_frame   0x00000000000019e0      0x14c Drivers/STM32F4xx_HAL_Driver/Src/stm32f4xx_hal_pwr_ex.o
 .debug_frame   0x0000000000001b2c      0x1f0 Drivers/STM32F4xx_HAL_Driver/Src/stm32f4xx_hal_rcc.o
 .debug_frame   0x0000000000001d1c      0x1e8 Drivers/STM32F4xx_HAL_Driver/Src/stm32f4xx_hal_rcc_ex.o
 .debug_frame   0x0000000000001f04     0x10f0 Drivers/STM32F4xx_HAL_Driver/Src/stm32f4xx_hal_tim.o
 .debug_frame   0x0000000000002ff4      0x5c0 Drivers/STM32F4xx_HAL_Driver/Src/stm32f4xx_hal_tim_ex.o
 .debug_frame   0x00000000000035b4      0x844 Drivers/STM32F4xx_HAL_Driver/Src/stm32f4xx_hal_uart.o
 .debug_frame   0x0000000000003df8       0x9c Hydrogreen/hydrogreen.o
 .debug_frame   0x0000000000003e94      0x204 Hydrogreen/rs485.o
 .debug_frame   0x0000000000004098       0xec Hydrogreen/timers.o
 .debug_frame   0x0000000000004184       0x48 Hydrogreen/watchdog.o
 .debug_frame   0x00000000000041cc       0x2c c:/st/stm32cubeide_1.5.1/stm32cubeide/plugins/com.st.stm32cube.ide.mcu.externaltools.gnu-tools-for-stm32.9-2020-q2-update.win32_1.5.0.202011040924/tools/bin/../lib/gcc/arm-none-eabi/9.3.1/../../../../arm-none-eabi/lib/thumb/v7e-m+fp/hard\libc_nano.a(lib_a-init.o)
 .debug_frame   0x00000000000041f8       0x20 c:/st/stm32cubeide_1.5.1/stm32cubeide/plugins/com.st.stm32cube.ide.mcu.externaltools.gnu-tools-for-stm32.9-2020-q2-update.win32_1.5.0.202011040924/tools/bin/../lib/gcc/arm-none-eabi/9.3.1/../../../../arm-none-eabi/lib/thumb/v7e-m+fp/hard\libc_nano.a(lib_a-memset.o)
 .debug_frame   0x0000000000004218       0x2c c:/st/stm32cubeide_1.5.1/stm32cubeide/plugins/com.st.stm32cube.ide.mcu.externaltools.gnu-tools-for-stm32.9-2020-q2-update.win32_1.5.0.202011040924/tools/bin/../lib/gcc/arm-none-eabi/9.3.1/thumb/v7e-m+fp/hard\libgcc.a(_aeabi_uldivmod.o)
 .debug_frame   0x0000000000004244       0x34 c:/st/stm32cubeide_1.5.1/stm32cubeide/plugins/com.st.stm32cube.ide.mcu.externaltools.gnu-tools-for-stm32.9-2020-q2-update.win32_1.5.0.202011040924/tools/bin/../lib/gcc/arm-none-eabi/9.3.1/thumb/v7e-m+fp/hard\libgcc.a(_udivmoddi4.o)
